Component: ARM Compiler 5.06 update 4 (build 422) Tool: armlink [4d35d2]

==============================================================================

Section Cross References

    startup_stm32f103xe.o(RESET) refers to startup_stm32f103xe.o(STACK) for __initial_sp
    startup_stm32f103xe.o(RESET) refers to startup_stm32f103xe.o(.text) for Reset_Handler
    startup_stm32f103xe.o(RESET) refers to stm32f1xx_it.o(i.NMI_Handler) for NMI_Handler
    startup_stm32f103xe.o(RESET) refers to stm32f1xx_it.o(i.HardFault_Handler) for HardFault_Handler
    startup_stm32f103xe.o(RESET) refers to stm32f1xx_it.o(i.MemManage_Handler) for MemManage_Handler
    startup_stm32f103xe.o(RESET) refers to stm32f1xx_it.o(i.BusFault_Handler) for BusFault_Handler
    startup_stm32f103xe.o(RESET) refers to stm32f1xx_it.o(i.UsageFault_Handler) for UsageFault_Handler
    startup_stm32f103xe.o(RESET) refers to stm32f1xx_it.o(i.SVC_Handler) for SVC_Handler
    startup_stm32f103xe.o(RESET) refers to stm32f1xx_it.o(i.DebugMon_Handler) for DebugMon_Handler
    startup_stm32f103xe.o(RESET) refers to stm32f1xx_it.o(i.PendSV_Handler) for PendSV_Handler
    startup_stm32f103xe.o(RESET) refers to stm32f1xx_it.o(i.SysTick_Handler) for SysTick_Handler
    startup_stm32f103xe.o(RESET) refers to motor.o(i.EXTI2_IRQHandler) for EXTI2_IRQHandler
    startup_stm32f103xe.o(RESET) refers to stm32f1xx_it.o(i.EXTI3_IRQHandler) for EXTI3_IRQHandler
    startup_stm32f103xe.o(RESET) refers to stm32f1xx_it.o(i.EXTI4_IRQHandler) for EXTI4_IRQHandler
    startup_stm32f103xe.o(RESET) refers to stm32f1xx_it.o(i.DMA1_Channel2_IRQHandler) for DMA1_Channel2_IRQHandler
    startup_stm32f103xe.o(RESET) refers to stm32f1xx_it.o(i.DMA1_Channel3_IRQHandler) for DMA1_Channel3_IRQHandler
    startup_stm32f103xe.o(RESET) refers to stm32f1xx_it.o(i.DMA1_Channel6_IRQHandler) for DMA1_Channel6_IRQHandler
    startup_stm32f103xe.o(RESET) refers to stm32f1xx_it.o(i.DMA1_Channel7_IRQHandler) for DMA1_Channel7_IRQHandler
    startup_stm32f103xe.o(RESET) refers to stm32f1xx_it.o(i.EXTI9_5_IRQHandler) for EXTI9_5_IRQHandler
    startup_stm32f103xe.o(RESET) refers to motor.o(i.EXTI15_10_IRQHandler) for EXTI15_10_IRQHandler
    startup_stm32f103xe.o(.text) refers to system_stm32f1xx.o(i.SystemInit) for SystemInit
    startup_stm32f103xe.o(.text) refers to entry.o(.ARM.Collect$$$$00000000) for __main
    led.o(i.Led_task) refers to stm32f1xx_hal.o(i.HAL_GetTick) for HAL_GetTick
    led.o(i.Led_task) refers to stm32f1xx_hal_gpio.o(i.HAL_GPIO_TogglePin) for HAL_GPIO_TogglePin
    led.o(i.Led_task) refers to led.o(.data) for .data
    led.o(i.Set_blink) refers to led.o(.data) for .data
    mecanum.o(i.cal_mecanum) refers to fflti.o(.text) for __aeabi_i2f
    mecanum.o(i.cal_mecanum) refers to fdiv.o(.text) for __aeabi_fdiv
    mecanum.o(i.cal_mecanum) refers to fmul.o(.text) for __aeabi_fmul
    mecanum.o(i.cal_mecanum) refers to ffixi.o(.text) for __aeabi_f2iz
    motor.o(i.EXTI15_10_IRQHandler) refers to stm32f1xx_hal_gpio.o(i.HAL_GPIO_ReadPin) for HAL_GPIO_ReadPin
    motor.o(i.EXTI15_10_IRQHandler) refers to motor.o(.data) for .data
    motor.o(i.EXTI2_IRQHandler) refers to stm32f1xx_hal_gpio.o(i.HAL_GPIO_ReadPin) for HAL_GPIO_ReadPin
    motor.o(i.EXTI2_IRQHandler) refers to motor.o(.data) for .data
    motor.o(i.Get_cnt) refers to motor.o(.data) for .data
    motor.o(i.Get_cnt) refers to main.o(.bss) for htim3
    motor.o(i.LL_TIM_OC_SetPolarity) refers to motor.o(.constdata) for .constdata
    motor.o(i.Motor_PID_Enable) refers to motor.o(i.pid_Motor_Init) for pid_Motor_Init
    motor.o(i.Motor_lock) refers to motor.o(i.LL_GPIO_SetPinMode) for LL_GPIO_SetPinMode
    motor.o(i.Motor_task) refers to stm32f1xx_hal.o(i.HAL_GetTick) for HAL_GetTick
    motor.o(i.Motor_task) refers to ffltui.o(.text) for __aeabi_ui2f
    motor.o(i.Motor_task) refers to fflti.o(.text) for __aeabi_i2f
    motor.o(i.Motor_task) refers to fdiv.o(.text) for __aeabi_fdiv
    motor.o(i.Motor_task) refers to f2d.o(.text) for __aeabi_f2d
    motor.o(i.Motor_task) refers to dmul.o(.text) for __aeabi_dmul
    motor.o(i.Motor_task) refers to dadd.o(.text) for __aeabi_dsub
    motor.o(i.Motor_task) refers to d2f.o(.text) for __aeabi_d2f
    motor.o(i.Motor_task) refers to fadd.o(.text) for __aeabi_fadd
    motor.o(i.Motor_task) refers to cfrcmple.o(.text) for __aeabi_cfrcmple
    motor.o(i.Motor_task) refers to motor.o(i.LL_TIM_OC_SetPolarity) for LL_TIM_OC_SetPolarity
    motor.o(i.Motor_task) refers to motor.o(i.LL_GPIO_SetPinMode) for LL_GPIO_SetPinMode
    motor.o(i.Motor_task) refers to fmul.o(.text) for __aeabi_fmul
    motor.o(i.Motor_task) refers to ffixi.o(.text) for __aeabi_f2iz
    motor.o(i.Motor_task) refers to motor.o(.data) for .data
    motor.o(i.Motor_task) refers to motor.o(.bss) for .bss
    motor.o(i.pid_Motor_Init) refers to motor.o(i.LL_TIM_OC_SetPolarity) for LL_TIM_OC_SetPolarity
    motor.o(i.pid_Motor_Init) refers to motor.o(i.LL_GPIO_SetPinMode) for LL_GPIO_SetPinMode
[...]
    ../fplib/microlib/fpflt.c                0x00000000   Number         0  ffltui.o ABSOLUTE
    ../fplib/microlib/fpmul.c                0x00000000   Number         0  dmul.o ABSOLUTE
    ../fplib/microlib/fpmul.c                0x00000000   Number         0  fmul.o ABSOLUTE
    ../fplib/microlib/fpscalb.c              0x00000000   Number         0  dscalb.o ABSOLUTE
    ../fplib/microlib/fpsqrt.c               0x00000000   Number         0  dsqrt.o ABSOLUTE
    ../mathlib/atan.c                        0x00000000   Number         0  atan_x.o ABSOLUTE
    ../mathlib/atan.c                        0x00000000   Number         0  atan.o ABSOLUTE
    ../mathlib/atan2.c                       0x00000000   Number         0  atan2_x.o ABSOLUTE
    ../mathlib/atan2.c                       0x00000000   Number         0  atan2.o ABSOLUTE
    ../mathlib/cos.c                         0x00000000   Number         0  cos_x.o ABSOLUTE
    ../mathlib/cos.c                         0x00000000   Number         0  cos.o ABSOLUTE
    ../mathlib/cos_i.c                       0x00000000   Number         0  cos_i.o ABSOLUTE
    ../mathlib/dunder.c                      0x00000000   Number         0  dunder.o ABSOLUTE
    ../mathlib/fpclassify.c                  0x00000000   Number         0  fpclassify.o ABSOLUTE
    ../mathlib/poly.c                        0x00000000   Number         0  poly.o ABSOLUTE
    ../mathlib/qnan.c                        0x00000000   Number         0  qnan.o ABSOLUTE
    ../mathlib/rred.c                        0x00000000   Number         0  rred.o ABSOLUTE
    ../mathlib/sin.c                         0x00000000   Number         0  sin_x.o ABSOLUTE
    ../mathlib/sin.c                         0x00000000   Number         0  sin.o ABSOLUTE
    ../mathlib/sin_i.c                       0x00000000   Number         0  sin_i.o ABSOLUTE
    ../mathlib/sin_i.c                       0x00000000   Number         0  sin_i_x.o ABSOLUTE
    ../mathlib/sqrt.c                        0x00000000   Number         0  sqrt_x.o ABSOLUTE
    ../mathlib/sqrt.c                        0x00000000   Number         0  sqrt.o ABSOLUTE
    ..\Drivers\STM32F1xx_HAL_Driver\Src\stm32f1xx_hal.c 0x00000000   Number         0  stm32f1xx_hal.o ABSOLUTE
    ..\Drivers\STM32F1xx_HAL_Driver\Src\stm32f1xx_hal_cortex.c 0x00000000   Number         0  stm32f1xx_hal_cortex.o ABSOLUTE
    ..\Drivers\STM32F1xx_HAL_Driver\Src\stm32f1xx_hal_dma.c 0x00000000   Number         0  stm32f1xx_hal_dma.o ABSOLUTE
    ..\Drivers\STM32F1xx_HAL_Driver\Src\stm32f1xx_hal_exti.c 0x00000000   Number         0  stm32f1xx_hal_exti.o ABSOLUTE
    ..\Drivers\STM32F1xx_HAL_Driver\Src\stm32f1xx_hal_flash.c 0x00000000   Number         0  stm32f1xx_hal_flash.o ABSOLUTE
    ..\Drivers\STM32F1xx_HAL_Driver\Src\stm32f1xx_hal_flash_ex.c 0x00000000   Number         0  stm32f1xx_hal_flash_ex.o ABSOLUTE
    ..\Drivers\STM32F1xx_HAL_Driver\Src\stm32f1xx_hal_gpio.c 0x00000000   Number         0  stm32f1xx_hal_gpio.o ABSOLUTE
    ..\Drivers\STM32F1xx_HAL_Driver\Src\stm32f1xx_hal_gpio_ex.c 0x00000000   Number         0  stm32f1xx_hal_gpio_ex.o ABSOLUTE
    ..\Drivers\STM32F1xx_HAL_Driver\Src\stm32f1xx_hal_i2c.c 0x00000000   Number         0  stm32f1xx_hal_i2c.o ABSOLUTE
    ..\Drivers\STM32F1xx_HAL_Driver\Src\stm32f1xx_hal_iwdg.c 0x00000000   Number         0  stm32f1xx_hal_iwdg.o ABSOLUTE
    ..\Drivers\STM32F1xx_HAL_Driver\Src\stm32f1xx_hal_pwr.c 0x00000000   Number         0  stm32f1xx_hal_pwr.o ABSOLUTE
    ..\Drivers\STM32F1xx_HAL_Driver\Src\stm32f1xx_hal_rcc.c 0x00000000   Number         0  stm32f1xx_hal_rcc.o ABSOLUTE
    ..\Drivers\STM32F1xx_HAL_Driver\Src\stm32f1xx_hal_rcc_ex.c 0x00000000   Number         0  stm32f1xx_hal_rcc_ex.o ABSOLUTE
    ..\Drivers\STM32F1xx_HAL_Driver\Src\stm32f1xx_hal_tim.c 0x00000000   Number         0  stm32f1xx_hal_tim.o ABSOLUTE
    ..\Drivers\STM32F1xx_HAL_Driver\Src\stm32f1xx_hal_tim_ex.c 0x00000000   Number         0  stm32f1xx_hal_tim_ex.o ABSOLUTE
    ..\Drivers\STM32F1xx_HAL_Driver\Src\stm32f1xx_hal_uart.c 0x00000000   Number         0  stm32f1xx_hal_uart.o ABSOLUTE
    ..\Drivers\STM32F1xx_HAL_Driver\Src\stm32f1xx_ll_dma.c 0x00000000   Number         0  stm32f1xx_ll_dma.o ABSOLUTE
    ..\Drivers\STM32F1xx_HAL_Driver\Src\stm32f1xx_ll_exti.c 0x00000000   Number         0  stm32f1xx_ll_exti.o ABSOLUTE
    ..\Drivers\STM32F1xx_HAL_Driver\Src\stm32f1xx_ll_gpio.c 0x00000000   Number         0  stm32f1xx_ll_gpio.o ABSOLUTE
    ..\Drivers\STM32F1xx_HAL_Driver\Src\stm32f1xx_ll_rcc.c 0x00000000   Number         0  stm32f1xx_ll_rcc.o ABSOLUTE
    ..\Drivers\STM32F1xx_HAL_Driver\Src\stm32f1xx_ll_tim.c 0x00000000   Number         0  stm32f1xx_ll_tim.o ABSOLUTE
    ..\Drivers\STM32F1xx_HAL_Driver\Src\stm32f1xx_ll_utils.c 0x00000000   Number         0  stm32f1xx_ll_utils.o ABSOLUTE
    ..\Src\bluetooth.c                       0x00000000   Number         0  bluetooth.o ABSOLUTE
    ..\Src\led.c                             0x00000000   Number         0  led.o ABSOLUTE
    ..\Src\main.c                            0x00000000   Number         0  main.o ABSOLUTE
    ..\Src\maze_pathfinding.c                0x00000000   Number         0  maze_pathfinding.o ABSOLUTE
    ..\Src\mecanum.c                         0x00000000   Number         0  mecanum.o ABSOLUTE
    ..\Src\motor.c                           0x00000000   Number         0  motor.o ABSOLUTE
    ..\Src\oled.c                            0x00000000   Number         0  oled.o ABSOLUTE
    ..\Src\servo.c                           0x00000000   Number         0  servo.o ABSOLUTE
    ..\Src\stm32f1xx_hal_msp.c               0x00000000   Number         0  stm32f1xx_hal_msp.o ABSOLUTE
    ..\Src\stm32f1xx_it.c                    0x00000000   Number         0  stm32f1xx_it.o ABSOLUTE
    ..\Src\system_stm32f1xx.c                0x00000000   Number         0  system_stm32f1xx.o ABSOLUTE
    ..\\Src\\bluetooth.c                     0x00000000   Number         0  bluetooth.o ABSOLUTE
    ..\\Src\\led.c                           0x00000000   Number         0  led.o ABSOLUTE
    ..\\Src\\mecanum.c                       0x00000000   Number         0  mecanum.o ABSOLUTE
    ..\\Src\\motor.c                         0x00000000   Number         0  motor.o ABSOLUTE
    ..\\Src\\oled.c                          0x00000000   Number         0  oled.o ABSOLUTE
    ..\\Src\\servo.c                         0x00000000   Number         0  servo.o ABSOLUTE
    cdcmple.s                                0x00000000   Number         0  cdcmple.o ABSOLUTE
    cdrcmple.s                               0x00000000   Number         0  cdrcmple.o ABSOLUTE
    cfrcmple.s                               0x00000000   Number         0  cfrcmple.o ABSOLUTE
    dc.s                                     0x00000000   Number         0  dc.o ABSOLUTE
    handlers.s                               0x00000000   Number         0  handlers.o ABSOLUTE
    init.s                                   0x00000000   Number         0  init.o ABSOLUTE
    startup_stm32f103xe.s                    0x00000000   Number         0  startup_stm32f103xe.o ABSOLUTE
    RESET                                    0x08000000   Section      304  startup_stm32f103xe.o(RESET)
    .ARM.Collect$$$$00000000                 0x08000130   Section        0  entry.o(.ARM.Collect$$$$00000000)
    .ARM.Collect$$$$00000001                 0x08000130   Section        4  entry2.o(.ARM.Collect$$$$00000001)
    .ARM.Collect$$$$00000004                 0x08000134   Section        4  entry5.o(.ARM.Collect$$$$00000004)
    .ARM.Collect$$$$00000008                 0x08000138   Section        0  entry7b.o(.ARM.Collect$$$$00000008)
    .ARM.Collect$$$$0000000A                 0x08000138   Section        0  entry8b.o(.ARM.Collect$$$$0000000A)
    .ARM.Collect$$$$0000000B                 0x08000138   Section        8  entry9a.o(.ARM.Collect$$$$0000000B)
    .ARM.Collect$$$$0000000D                 0x08000140   Section        0  entry10a.o(.ARM.Collect$$$$0000000D)
    .ARM.Collect$$$$0000000F                 0x08000140   Section        0  entry11a.o(.ARM.Collect$$$$0000000F)
    .ARM.Collect$$$$00002712                 0x08000140   Section        4  entry2.o(.ARM.Collect$$$$00002712)
    __lit__00000000                          0x08000140   Data           4  entry2.o(.ARM.Collect$$$$00002712)
    .text                                    0x08000144   Section       36  startup_stm32f103xe.o(.text)
    .text                                    0x08000168   Section        0  llushr.o(.text)
    .text                                    0x08000188   Section        0  memcpya.o(.text)
    .text                                    0x080001ac   Section        0  memseta.o(.text)
    .text                                    0x080001d0   Section        0  fadd.o(.text)
    .text                                    0x08000280   Section        0  fmul.o(.text)
    .text                                    0x080002e4   Section        0  fdiv.o(.text)
    .text                                    0x08000360   Section        0  dadd.o(.text)
    .text                                    0x080004ae   Section        0  dmul.o(.text)
    .text                                    0x08000592   Section        0  ddiv.o(.text)
    .text                                    0x08000670   Section        0  fflti.o(.text)
    .text                                    0x08000682   Section        0  ffltui.o(.text)
    .text                                    0x0800068c   Section        0  dflti.o(.text)
    .text                                    0x080006ae   Section        0  dfltui.o(.text)
    .text                                    0x080006c8   Section        0  ffixi.o(.text)
    .text                                    0x080006fa   Section        0  dfixi.o(.text)
    .text                                    0x08000738   Section        0  f2d.o(.text)
    .text                                    0x0800075e   Section        0  d2f.o(.text)
    .text                                    0x08000798   Section       20  cfrcmple.o(.text)
    .text                                    0x080007ac   Section        0  uidiv.o(.text)
    .text                                    0x080007d8   Section        0  llshl.o(.text)
    .text                                    0x080007f6   Section        0  llsshr.o(.text)
    .text                                    0x0800081a   Section        0  fepilogue.o(.text)
    .text                                    0x0800081a   Section        0  iusefp.o(.text)
    .text                                    0x08000888   Section        0  depilogue.o(.text)
    .text                                    0x08000942   Section        0  dsqrt.o(.text)
    .text                                    0x080009e4   Section       36  init.o(.text)
    .text                                    0x08000a08   Section        0  dscalb.o(.text)
    i.AddWall                                0x08000a38   Section        0  maze_pathfinding.o(i.AddWall)
    i.BT_task                                0x08000aa8   Section        0  bluetooth.o(i.BT_task)
    i.BusFault_Handler                       0x08000b68   Section        0  stm32f1xx_it.o(i.BusFault_Handler)
    i.ClearWalls                             0x08000b6c   Section        0  maze_pathfinding.o(i.ClearWalls)
    i.DMA1_Channel2_IRQHandler               0x08000c04   Section        0  stm32f1xx_it.o(i.DMA1_Channel2_IRQHandler)
    i.DMA1_Channel3_IRQHandler               0x08000c10   Section        0  stm32f1xx_it.o(i.DMA1_Channel3_IRQHandler)
    i.DMA1_Channel6_IRQHandler               0x08000c1c   Section        0  stm32f1xx_it.o(i.DMA1_Channel6_IRQHandler)
    i.DMA1_Channel7_IRQHandler               0x08000c28   Section        0  stm32f1xx_it.o(i.DMA1_Channel7_IRQHandler)
    i.DMA_SetConfig                          0x08000c34   Section        0  stm32f1xx_hal_dma.o(i.DMA_SetConfig)
    DMA_SetConfig                            0x08000c35   Thumb Code    42  stm32f1xx_hal_dma.o(i.DMA_SetConfig)
    i.DebugMon_Handler                       0x08000c5e   Section        0  stm32f1xx_it.o(i.DebugMon_Handler)
    i.EXTI15_10_IRQHandler                   0x08000c60   Section        0  motor.o(i.EXTI15_10_IRQHandler)
    i.EXTI2_IRQHandler                       0x08000ca4   Section        0  motor.o(i.EXTI2_IRQHandler)
    i.EXTI3_IRQHandler                       0x08000ce8   Section        0  stm32f1xx_it.o(i.EXTI3_IRQHandler)
    i.EXTI4_IRQHandler                       0x08000cee   Section        0  stm32f1xx_it.o(i.EXTI4_IRQHandler)
    i.EXTI9_5_IRQHandler                     0x08000cf4   Section        0  stm32f1xx_it.o(i.EXTI9_5_IRQHandler)
    i.Error_Handler                          0x08000d06   Section        0  main.o(i.Error_Handler)
    i.Get_cnt                                0x08000d08   Section        0  motor.o(i.Get_cnt)
    i.HAL_DMA_IRQHandler                     0x08000d64   Section        0  stm32f1xx_hal_dma.o(i.HAL_DMA_IRQHandler)
    i.HAL_DMA_Init                           0x08000fac   Section        0  stm32f1xx_hal_dma.o(i.HAL_DMA_Init)
    i.HAL_DMA_Start_IT                       0x08001028   Section        0  stm32f1xx_hal_dma.o(i.HAL_DMA_Start_IT)
    i.HAL_GPIO_EXTI_Callback                 0x08001098   Section        0  main.o(i.HAL_GPIO_EXTI_Callback)
    i.HAL_GPIO_EXTI_IRQHandler               0x080010cc   Section        0  stm32f1xx_hal_gpio.o(i.HAL_GPIO_EXTI_IRQHandler)
    i.HAL_GPIO_Init                          0x080010e4   Section        0  stm32f1xx_hal_gpio.o(i.HAL_GPIO_Init)
    i.HAL_GPIO_ReadPin                       0x080012dc   Section        0  stm32f1xx_hal_gpio.o(i.HAL_GPIO_ReadPin)
    i.HAL_GPIO_TogglePin                     0x080012e6   Section        0  stm32f1xx_hal_gpio.o(i.HAL_GPIO_TogglePin)
    i.HAL_GPIO_WritePin                      0x080012f4   Section        0  stm32f1xx_hal_gpio.o(i.HAL_GPIO_WritePin)
    i.HAL_GetTick                            0x08001300   Section        0  stm32f1xx_hal.o(i.HAL_GetTick)
    i.HAL_I2C_Init                           0x0800130c   Section        0  stm32f1xx_hal_i2c.o(i.HAL_I2C_Init)
    i.HAL_I2C_MspInit                        0x08001480   Section        0  stm32f1xx_hal_msp.o(i.HAL_I2C_MspInit)
    i.HAL_IncTick                            0x080014f0   Section        0  stm32f1xx_hal.o(i.HAL_IncTick)
    i.HAL_Init                               0x08001500   Section        0  stm32f1xx_hal.o(i.HAL_Init)
    i.HAL_InitTick                           0x08001524   Section        0  stm32f1xx_hal.o(i.HAL_InitTick)
    i.HAL_MspInit                            0x08001564   Section        0  stm32f1xx_hal_msp.o(i.HAL_MspInit)
    i.HAL_NVIC_EnableIRQ                     0x080015a0   Section        0  stm32f1xx_hal_cortex.o(i.HAL_NVIC_EnableIRQ)
    i.HAL_NVIC_SetPriority                   0x080015bc   Section        0  stm32f1xx_hal_cortex.o(i.HAL_NVIC_SetPriority)
    i.HAL_NVIC_SetPriorityGrouping           0x080015fc   Section        0  stm32f1xx_hal_cortex.o(i.HAL_NVIC_SetPriorityGrouping)
    i.HAL_RCC_ClockConfig                    0x08001620   Section        0  stm32f1xx_hal_rcc.o(i.HAL_RCC_ClockConfig)
    i.HAL_RCC_GetPCLK1Freq                   0x0800174c   Section        0  stm32f1xx_hal_rcc.o(i.HAL_RCC_GetPCLK1Freq)
    i.HAL_RCC_GetPCLK2Freq                   0x0800176c   Section        0  stm32f1xx_hal_rcc.o(i.HAL_RCC_GetPCLK2Freq)
    i.HAL_RCC_GetSysClockFreq                0x0800178c   Section        0  stm32f1xx_hal_rcc.o(i.HAL_RCC_GetSysClockFreq)
    i.HAL_RCC_OscConfig                      0x080017f8   Section        0  stm32f1xx_hal_rcc.o(i.HAL_RCC_OscConfig)
    i.HAL_SYSTICK_Config                     0x08001b18   Section        0  stm32f1xx_hal_cortex.o(i.HAL_SYSTICK_Config)
    i.HAL_TIMEx_ConfigBreakDeadTime          0x08001b40   Section        0  stm32f1xx_hal_tim_ex.o(i.HAL_TIMEx_ConfigBreakDeadTime)
    i.HAL_TIMEx_MasterConfigSynchronization  0x08001b94   Section        0  stm32f1xx_hal_tim_ex.o(i.HAL_TIMEx_MasterConfigSynchronization)
    i.HAL_TIM_Base_Init                      0x08001bd6   Section        0  stm32f1xx_hal_tim.o(i.HAL_TIM_Base_Init)
    i.HAL_TIM_Base_MspInit                   0x08001c0c   Section        0  stm32f1xx_hal_msp.o(i.HAL_TIM_Base_MspInit)
    i.HAL_TIM_ConfigClockSource              0x08001c64   Section        0  stm32f1xx_hal_tim.o(i.HAL_TIM_ConfigClockSource)
    i.HAL_TIM_Encoder_Init                   0x08001d3a   Section        0  stm32f1xx_hal_tim.o(i.HAL_TIM_Encoder_Init)
    i.HAL_TIM_Encoder_MspInit                0x08001dd4   Section        0  stm32f1xx_hal_msp.o(i.HAL_TIM_Encoder_MspInit)
    i.HAL_TIM_Encoder_Start                  0x08001eac   Section        0  stm32f1xx_hal_tim.o(i.HAL_TIM_Encoder_Start)
    i.HAL_TIM_MspPostInit                    0x08001ee0   Section        0  stm32f1xx_hal_msp.o(i.HAL_TIM_MspPostInit)
    i.HAL_TIM_PWM_ConfigChannel              0x08001f2c   Section        0  stm32f1xx_hal_tim.o(i.HAL_TIM_PWM_ConfigChannel)
    i.HAL_TIM_PWM_Init                       0x08001ffc   Section        0  stm32f1xx_hal_tim.o(i.HAL_TIM_PWM_Init)
    i.HAL_TIM_PWM_MspInit                    0x08002032   Section        0  stm32f1xx_hal_tim.o(i.HAL_TIM_PWM_MspInit)
    i.HAL_TIM_PWM_Start                      0x08002034   Section        0  stm32f1xx_hal_tim.o(i.HAL_TIM_PWM_Start)
    i.HAL_UART_ErrorCallback                 0x08002078   Section        0  stm32f1xx_hal_uart.o(i.HAL_UART_ErrorCallback)
    i.HAL_UART_Init                          0x0800207a   Section        0  stm32f1xx_hal_uart.o(i.HAL_UART_Init)
    i.HAL_UART_MspInit                       0x080020dc   Section        0  stm32f1xx_hal_msp.o(i.HAL_UART_MspInit)
    i.HAL_UART_Receive_DMA                   0x08002260   Section        0  stm32f1xx_hal_uart.o(i.HAL_UART_Receive_DMA)
    i.HAL_UART_RxCpltCallback                0x080022f8   Section        0  bluetooth.o(i.HAL_UART_RxCpltCallback)
    i.HAL_UART_RxHalfCpltCallback            0x0800235c   Section        0  stm32f1xx_hal_uart.o(i.HAL_UART_RxHalfCpltCallback)
    i.HAL_UART_Transmit                      0x0800235e   Section        0  stm32f1xx_hal_uart.o(i.HAL_UART_Transmit)
    i.HardFault_Handler                      0x08002418   Section        0  stm32f1xx_it.o(i.HardFault_Handler)
    i.LL_APB2_GRP1_EnableClock               0x0800241c   Section        0  main.o(i.LL_APB2_GRP1_EnableClock)
    LL_APB2_GRP1_EnableClock                 0x0800241d   Thumb Code    18  main.o(i.LL_APB2_GRP1_EnableClock)
    i.LL_GPIO_Init                           0x08002434   Section        0  stm32f1xx_ll_gpio.o(i.LL_GPIO_Init)
    i.LL_GPIO_SetPinMode                     0x08002524   Section        0  motor.o(i.LL_GPIO_SetPinMode)
    LL_GPIO_SetPinMode                       0x08002525   Thumb Code    42  motor.o(i.LL_GPIO_SetPinMode)
    i.LL_TIM_BDTR_Init                       0x0800254e   Section        0  stm32f1xx_ll_tim.o(i.LL_TIM_BDTR_Init)
    i.LL_TIM_Init                            0x08002588   Section        0  stm32f1xx_ll_tim.o(i.LL_TIM_Init)
    i.LL_TIM_OC_DisableFast                  0x08002614   Section        0  main.o(i.LL_TIM_OC_DisableFast)
    LL_TIM_OC_DisableFast                    0x08002615   Thumb Code    80  main.o(i.LL_TIM_OC_DisableFast)
    i.LL_TIM_OC_EnablePreload                0x08002668   Section        0  main.o(i.LL_TIM_OC_EnablePreload)
    LL_TIM_OC_EnablePreload                  0x08002669   Thumb Code    80  main.o(i.LL_TIM_OC_EnablePreload)
    i.LL_TIM_OC_Init                         0x080026bc   Section        0  stm32f1xx_ll_tim.o(i.LL_TIM_OC_Init)
    i.LL_TIM_OC_SetPolarity                  0x08002884   Section        0  motor.o(i.LL_TIM_OC_SetPolarity)
    LL_TIM_OC_SetPolarity                    0x08002885   Thumb Code    76  motor.o(i.LL_TIM_OC_SetPolarity)
    i.MX_GPIO_Init                           0x080028d4   Section        0  main.o(i.MX_GPIO_Init)
    MX_GPIO_Init                             0x080028d5   Thumb Code   360  main.o(i.MX_GPIO_Init)
    i.MX_TIM1_Init                           0x08002a58   Section        0  main.o(i.MX_TIM1_Init)
    MX_TIM1_Init                             0x08002a59   Thumb Code   330  main.o(i.MX_TIM1_Init)
    i.MX_TIM2_Init                           0x08002bb8   Section        0  main.o(i.MX_TIM2_Init)
    MX_TIM2_Init                             0x08002bb9   Thumb Code    92  main.o(i.MX_TIM2_Init)
    i.MX_TIM3_Init                           0x08002c18   Section        0  main.o(i.MX_TIM3_Init)
    MX_TIM3_Init                             0x08002c19   Thumb Code    94  main.o(i.MX_TIM3_Init)
    i.MX_TIM4_Init                           0x08002c80   Section        0  main.o(i.MX_TIM4_Init)
    MX_TIM4_Init                             0x08002c81   Thumb Code    94  main.o(i.MX_TIM4_Init)
    i.MX_TIM5_Init                           0x08002ce8   Section        0  main.o(i.MX_TIM5_Init)
    MX_TIM5_Init                             0x08002ce9   Thumb Code    94  main.o(i.MX_TIM5_Init)
    i.MX_TIM8_Init                           0x08002d50   Section        0  main.o(i.MX_TIM8_Init)
    MX_TIM8_Init                             0x08002d51   Thumb Code   200  main.o(i.MX_TIM8_Init)
    i.MakePath                               0x08002e20   Section        0  maze_pathfinding.o(i.MakePath)
    i.MemManage_Handler                      0x080031a8   Section        0  stm32f1xx_it.o(i.MemManage_Handler)
    i.Motor_PID_Enable                       0x080031ac   Section        0  motor.o(i.Motor_PID_Enable)
    i.Motor_task                             0x080031f8   Section        0  motor.o(i.Motor_task)
    i.NMI_Handler                            0x0800376c   Section        0  stm32f1xx_it.o(i.NMI_Handler)
    i.PendSV_Handler                         0x0800376e   Section        0  stm32f1xx_it.o(i.PendSV_Handler)
    i.PersonFinding                          0x08003770   Section        0  maze_pathfinding.o(i.PersonFinding)
    i.SVC_Handler                            0x080037c2   Section        0  stm32f1xx_it.o(i.SVC_Handler)
    i.Set_Servo                              0x080037c4   Section        0  servo.o(i.Set_Servo)
    i.Set_blink                              0x080037f0   Section        0  led.o(i.Set_blink)
    i.SysTick_Handler                        0x08003810   Section        0  stm32f1xx_it.o(i.SysTick_Handler)
    i.SystemClock_Config                     0x08003814   Section        0  main.o(i.SystemClock_Config)
    i.SystemInit                             0x08003870   Section        0  system_stm32f1xx.o(i.SystemInit)
    i.TIM_Base_SetConfig                     0x080038b8   Section        0  stm32f1xx_hal_tim.o(i.TIM_Base_SetConfig)
    i.TIM_CCxChannelCmd                      0x08003944   Section        0  stm32f1xx_hal_tim.o(i.TIM_CCxChannelCmd)
    i.TIM_ETR_SetConfig                      0x0800395e   Section        0  stm32f1xx_hal_tim.o(i.TIM_ETR_SetConfig)
    i.TIM_ITRx_SetConfig                     0x08003972   Section        0  stm32f1xx_hal_tim.o(i.TIM_ITRx_SetConfig)
    TIM_ITRx_SetConfig                       0x08003973   Thumb Code    16  stm32f1xx_hal_tim.o(i.TIM_ITRx_SetConfig)
    i.TIM_OC1_SetConfig                      0x08003984   Section        0  stm32f1xx_hal_tim.o(i.TIM_OC1_SetConfig)
    TIM_OC1_SetConfig                        0x08003985   Thumb Code    88  stm32f1xx_hal_tim.o(i.TIM_OC1_SetConfig)
    i.TIM_OC2_SetConfig                      0x080039e4   Section        0  stm32f1xx_hal_tim.o(i.TIM_OC2_SetConfig)
    i.TIM_OC3_SetConfig                      0x08003a50   Section        0  stm32f1xx_hal_tim.o(i.TIM_OC3_SetConfig)
    TIM_OC3_SetConfig                        0x08003a51   Thumb Code    96  stm32f1xx_hal_tim.o(i.TIM_OC3_SetConfig)
    i.TIM_OC4_SetConfig                      0x08003ab8   Section        0  stm32f1xx_hal_tim.o(i.TIM_OC4_SetConfig)
    TIM_OC4_SetConfig                        0x08003ab9   Thumb Code    70  stm32f1xx_hal_tim.o(i.TIM_OC4_SetConfig)
    i.TIM_TI1_ConfigInputStage               0x08003b08   Section        0  stm32f1xx_hal_tim.o(i.TIM_TI1_ConfigInputStage)
    TIM_TI1_ConfigInputStage                 0x08003b09   Thumb Code    34  stm32f1xx_hal_tim.o(i.TIM_TI1_ConfigInputStage)
    i.TIM_TI2_ConfigInputStage               0x08003b2a   Section        0  stm32f1xx_hal_tim.o(i.TIM_TI2_ConfigInputStage)
    TIM_TI2_ConfigInputStage                 0x08003b2b   Thumb Code    36  stm32f1xx_hal_tim.o(i.TIM_TI2_ConfigInputStage)
    i.UART_DMAError                          0x08003b4e   Section        0  stm32f1xx_hal_uart.o(i.UART_DMAError)
    UART_DMAError                            0x08003b4f   Thumb Code    74  stm32f1xx_hal_uart.o(i.UART_DMAError)
    i.UART_DMAReceiveCplt                    0x08003b98   Section        0  stm32f1xx_hal_uart.o(i.UART_DMAReceiveCplt)
    UART_DMAReceiveCplt                      0x08003b99   Thumb Code    60  stm32f1xx_hal_uart.o(i.UART_DMAReceiveCplt)
    i.UART_DMARxHalfCplt                     0x08003bd4   Section        0  stm32f1xx_hal_uart.o(i.UART_DMARxHalfCplt)
    UART_DMARxHalfCplt                       0x08003bd5   Thumb Code    10  stm32f1xx_hal_uart.o(i.UART_DMARxHalfCplt)
    i.UART_EndRxTransfer                     0x08003bde   Section        0  stm32f1xx_hal_uart.o(i.UART_EndRxTransfer)
    UART_EndRxTransfer                       0x08003bdf   Thumb Code    28  stm32f1xx_hal_uart.o(i.UART_EndRxTransfer)
    i.UART_EndTxTransfer                     0x08003bfa   Section        0  stm32f1xx_hal_uart.o(i.UART_EndTxTransfer)
    UART_EndTxTransfer                       0x08003bfb   Thumb Code    18  stm32f1xx_hal_uart.o(i.UART_EndTxTransfer)
    i.UART_SetConfig                         0x08003c0c   Section        0  stm32f1xx_hal_uart.o(i.UART_SetConfig)
    UART_SetConfig                           0x08003c0d   Thumb Code   178  stm32f1xx_hal_uart.o(i.UART_SetConfig)
    i.UART_WaitOnFlagUntilTimeout            0x08003cc4   Section        0  stm32f1xx_hal_uart.o(i.UART_WaitOnFlagUntilTimeout)
    UART_WaitOnFlagUntilTimeout              0x08003cc5   Thumb Code   100  stm32f1xx_hal_uart.o(i.UART_WaitOnFlagUntilTimeout)
    i.UsageFault_Handler                     0x08003d28   Section        0  stm32f1xx_it.o(i.UsageFault_Handler)
    i.__0printf$1                            0x08003d2c   Section        0  printf1.o(i.__0printf$1)
    i.__ARM_fpclassify                       0x08003d4c   Section        0  fpclassify.o(i.__ARM_fpclassify)
    i.__NVIC_SetPriority                     0x08003d74   Section        0  stm32f1xx_hal_cortex.o(i.__NVIC_SetPriority)
    __NVIC_SetPriority                       0x08003d75   Thumb Code    32  stm32f1xx_hal_cortex.o(i.__NVIC_SetPriority)
    i.__ieee754_rem_pio2                     0x08003d94   Section        0  rred.o(i.__ieee754_rem_pio2)
    i.__kernel_cos                           0x0800411c   Section        0  cos_i.o(i.__kernel_cos)
    i.__kernel_poly                          0x08004218   Section        0  poly.o(i.__kernel_poly)
    i.__kernel_sin                           0x080042c4   Section        0  sin_i.o(i.__kernel_sin)
    i.__mathlib_dbl_infnan                   0x080043b0   Section        0  dunder.o(i.__mathlib_dbl_infnan)
    i.__mathlib_dbl_infnan2                  0x080043b6   Section        0  dunder.o(i.__mathlib_dbl_infnan2)
    i.__mathlib_dbl_invalid                  0x080043ba   Section        0  dunder.o(i.__mathlib_dbl_invalid)
    i.__mathlib_dbl_underflow                0x080043c8   Section        0  dunder.o(i.__mathlib_dbl_underflow)
    i.__scatterload_copy                     0x080043d8   Section       14  handlers.o(i.__scatterload_copy)
    i.__scatterload_null                     0x080043e6   Section        2  handlers.o(i.__scatterload_null)
    i.__scatterload_zeroinit                 0x080043e8   Section       14  handlers.o(i.__scatterload_zeroinit)
    i.__set_errno                            0x080043f8   Section        0  errno.o(i.__set_errno)
    i._printf_core                           0x08004404   Section        0  printf1.o(i._printf_core)
    _printf_core                             0x08004405   Thumb Code   336  printf1.o(i._printf_core)
    i.atan                                   0x08004558   Section        0  atan.o(i.atan)
    i.atan2                                  0x08004778   Section        0  atan2.o(i.atan2)
    i.cal_mecanum                            0x080048f8   Section        0  mecanum.o(i.cal_mecanum)
    i.cos                                    0x080049cc   Section        0  cos.o(i.cos)
    i.data_task                              0x08004a68   Section        0  bluetooth.o(i.data_task)
    i.diffyaw                                0x08004c5c   Section        0  main.o(i.diffyaw)
    i.fputc                                  0x08004c7c   Section        0  bluetooth.o(i.fputc)
    i.getangle                               0x08004c94   Section        0  main.o(i.getangle)
    i.getdist                                0x08004cd0   Section        0  main.o(i.getdist)
    i.main                                   0x08004cec   Section        0  main.o(i.main)
    i.pid_Motor_Init                         0x080055ec   Section        0  motor.o(i.pid_Motor_Init)
    pid_Motor_Init                           0x080055ed   Thumb Code   270  motor.o(i.pid_Motor_Init)
    i.sin                                    0x08005728   Section        0  sin.o(i.sin)
    i.smalltobig                             0x080057c8   Section        0  bluetooth.o(i.smalltobig)
    i.sqrt                                   0x08005814   Section        0  sqrt.o(i.sqrt)
    i.user_Motor_Init                        0x08005860   Section        0  motor.o(i.user_Motor_Init)
    i.user_Servo_Init                        0x080058d8   Section        0  servo.o(i.user_Servo_Init)
    .constdata                               0x080058f4   Section        7  motor.o(.constdata)
    SHIFT_TAB_CCxP                           0x080058f4   Data           7  motor.o(.constdata)
    .constdata                               0x080058fc   Section       36  main.o(.constdata)
    OFFSET_TAB_CCMRx                         0x080058fc   Data           7  main.o(.constdata)
    SHIFT_TAB_OCxx                           0x08005903   Data           7  main.o(.constdata)
    .constdata                               0x08005920   Section       16  system_stm32f1xx.o(.constdata)
    .constdata                               0x08005930   Section        8  system_stm32f1xx.o(.constdata)
    .constdata                               0x08005938   Section      152  atan.o(.constdata)
    atanhi                                   0x08005938   Data          32  atan.o(.constdata)
    atanlo                                   0x08005958   Data          32  atan.o(.constdata)
    aTodd                                    0x08005978   Data          40  atan.o(.constdata)
    aTeven                                   0x080059a0   Data          48  atan.o(.constdata)
    .constdata                               0x080059d0   Section       48  cos_i.o(.constdata)
    C                                        0x080059d0   Data          48  cos_i.o(.constdata)
    .constdata                               0x08005a00   Section        8  qnan.o(.constdata)
    .constdata                               0x08005a08   Section      200  rred.o(.constdata)
    pio2s                                    0x08005a08   Data          48  rred.o(.constdata)
    twooverpi                                0x08005a38   Data         152  rred.o(.constdata)
    .constdata                               0x08005ad0   Section       40  sin_i.o(.constdata)
    S                                        0x08005ad0   Data          40  sin_i.o(.constdata)
    .data                                    0x20000000   Section       12  led.o(.data)
    time_next                                0x20000008   Data           4  led.o(.data)
    .data                                    0x2000000c   Section        8  motor.o(.data)
    time_next                                0x20000010   Data           4  motor.o(.data)
    .data                                    0x20000014   Section        3  bluetooth.o(.data)
    .data                                    0x20000018   Section       16  main.o(.data)
    .data                                    0x20000028   Section       12  stm32f1xx_hal.o(.data)
    .data                                    0x20000034   Section        4  system_stm32f1xx.o(.data)
    .data                                    0x20000038   Section        4  stdout.o(.data)
    .data                                    0x2000003c   Section        4  errno.o(.data)
    _errno                                   0x2000003c   Data           4  errno.o(.data)
    .bss                                     0x20000040   Section       16  motor.o(.bss)
    .bss                                     0x20000050   Section       60  bluetooth.o(.bss)
    .bss                                     0x2000008c   Section     1024  maze_pathfinding.o(.bss)
    .bss                                     0x2000048c   Section      804  main.o(.bss)
    .bss                                     0x200007b0   Section       68  main.o(.bss)
    .bss                                     0x200007f4   Section       68  main.o(.bss)
    .bss                                     0x20000838   Section       68  main.o(.bss)
    .bss                                     0x2000087c   Section       68  main.o(.bss)
    STACK                                    0x200008c0   Section     1024  startup_stm32f103xe.o(STACK)

    Global Symbols

    Symbol Name                              Value     Ov Type        Size  Object(Section)

    BuildAttributes$$THM_ISAv4$P$D$K$B$S$PE$A:L22UL41UL21$X:L11$S22US41US21$IEEE1$IW$USESV6$~STKCKD$USESV7$~SHL$OTIME$ROPI$IEEEX$EBA8$MICROLIB$REQ8$PRES8$EABIv2 0x00000000   Number         0  anon$$obj.o ABSOLUTE
    __ARM_use_no_argv                        0x00000000   Number         0  main.o ABSOLUTE
    _printf_a                                0x00000000   Number         0  stubs.o ABSOLUTE
    _printf_c                                0x00000000   Number         0  stubs.o ABSOLUTE
    _printf_charcount                        0x00000000   Number         0  stubs.o ABSOLUTE
    _printf_d                                0x00000000   Number         0  stubs.o ABSOLUTE
    _printf_e                                0x00000000   Number         0  stubs.o ABSOLUTE
    _printf_f                                0x00000000   Number         0  stubs.o ABSOLUTE
    _printf_flags                            0x00000000   Number         0  stubs.o ABSOLUTE
    _printf_fp_dec                           0x00000000   Number         0  stubs.o ABSOLUTE
    _printf_fp_hex                           0x00000000   Number         0  stubs.o ABSOLUTE
    _printf_g                                0x00000000   Number         0  stubs.o ABSOLUTE
    _printf_i                                0x00000000   Number         0  stubs.o ABSOLUTE
    _printf_int_dec                          0x00000000   Number         0  stubs.o ABSOLUTE
    _printf_l                                0x00000000   Number         0  stubs.o ABSOLUTE
    _printf_lc                               0x00000000   Number         0  stubs.o ABSOLUTE
    _printf_ll                               0x00000000   Number         0  stubs.o ABSOLUTE
    _printf_lld                              0x00000000   Number         0  stubs.o ABSOLUTE
    _printf_lli                              0x00000000   Number         0  stubs.o ABSOLUTE
    _printf_llo                              0x00000000   Number         0  stubs.o ABSOLUTE
    _printf_llu                              0x00000000   Number         0  stubs.o ABSOLUTE
    _printf_llx                              0x00000000   Number         0  stubs.o ABSOLUTE
    _printf_longlong_dec                     0x00000000   Number         0  stubs.o ABSOLUTE
    _printf_longlong_hex                     0x00000000   Number         0  stubs.o ABSOLUTE
    _printf_longlong_oct                     0x00000000   Number         0  stubs.o ABSOLUTE
    _printf_ls                               0x00000000   Number         0  stubs.o ABSOLUTE
    _printf_mbtowc                           0x00000000   Number         0  stubs.o ABSOLUTE
    _printf_n                                0x00000000   Number         0  stubs.o ABSOLUTE
    _printf_o                                0x00000000   Number         0  stubs.o ABSOLUTE
    _printf_p                                0x00000000   Number         0  stubs.o ABSOLUTE
    _printf_percent                          0x00000000   Number         0  stubs.o ABSOLUTE
    _printf_pre_padding                      0x00000000   Number         0  stubs.o ABSOLUTE
    _printf_return_value                     0x00000000   Number         0  stubs.o ABSOLUTE
    _printf_s                                0x00000000   Number         0  stubs.o ABSOLUTE
    _printf_sizespec                         0x00000000   Number         0  stubs.o ABSOLUTE
    _printf_str                              0x00000000   Number         0  stubs.o ABSOLUTE
    _printf_truncate_signed                  0x00000000   Number         0  stubs.o ABSOLUTE
    _printf_truncate_unsigned                0x00000000   Number         0  stubs.o ABSOLUTE
    _printf_u                                0x00000000   Number         0  stubs.o ABSOLUTE
    _printf_wc                               0x00000000   Number         0  stubs.o ABSOLUTE
    _printf_wctomb                           0x00000000   Number         0  stubs.o ABSOLUTE
    _printf_widthprec                        0x00000000   Number         0  stubs.o ABSOLUTE
    _printf_x                                0x00000000   Number         0  stubs.o ABSOLUTE
    __cpp_initialize__aeabi_                  - Undefined Weak Reference
    __cxa_finalize                            - Undefined Weak Reference
    __decompress                              - Undefined Weak Reference
    _clock_init                               - Undefined Weak Reference
    _microlib_exit                            - Undefined Weak Reference
    __Vectors_Size                           0x00000130   Number         0  startup_stm32f103xe.o ABSOLUTE
    __Vectors                                0x08000000   Data           4  startup_stm32f103xe.o(RESET)
    __Vectors_End                            0x08000130   Data           0  startup_stm32f103xe.o(RESET)
    __main                                   0x08000131   Thumb Code     0  entry.o(.ARM.Collect$$$$00000000)
    _main_stk                                0x08000131   Thumb Code     0  entry2.o(.ARM.Collect$$$$00000001)
    _main_scatterload                        0x08000135   Thumb Code     0  entry5.o(.ARM.Collect$$$$00000004)
    __main_after_scatterload                 0x08000139   Thumb Code     0  entry5.o(.ARM.Collect$$$$00000004)
    _main_clock                              0x08000139   Thumb Code     0  entry7b.o(.ARM.Collect$$$$00000008)
    _main_cpp_init                           0x08000139   Thumb Code     0  entry8b.o(.ARM.Collect$$$$0000000A)
    _main_init                               0x08000139   Thumb Code     0  entry9a.o(.ARM.Collect$$$$0000000B)
    __rt_final_cpp                           0x08000141   Thumb Code     0  entry10a.o(.ARM.Collect$$$$0000000D)
    __rt_final_exit                          0x08000141   Thumb Code     0  entry11a.o(.ARM.Collect$$$$0000000F)
    Reset_Handler                            0x08000145   Thumb Code     8  startup_stm32f103xe.o(.text)
    ADC1_2_IRQHandler                        0x0800015f   Thumb Code     0  startup_stm32f103xe.o(.text)
    ADC3_IRQHandler                          0x0800015f   Thumb Code     0  startup_stm32f103xe.o(.text)
    CAN1_RX1_IRQHandler                      0x0800015f   Thumb Code     0  startup_stm32f103xe.o(.text)
    CAN1_SCE_IRQHandler                      0x0800015f   Thumb Code     0  startup_stm32f103xe.o(.text)
    DMA1_Channel1_IRQHandler                 0x0800015f   Thumb Code     0  startup_stm32f103xe.o(.text)
    DMA1_Channel4_IRQHandler                 0x0800015f   Thumb Code     0  startup_stm32f103xe.o(.text)
    DMA1_Channel5_IRQHandler                 0x0800015f   Thumb Code     0  startup_stm32f103xe.o(.text)
    DMA2_Channel1_IRQHandler                 0x0800015f   Thumb Code     0  startup_stm32f103xe.o(.text)
    DMA2_Channel2_IRQHandler                 0x0800015f   Thumb Code     0  startup_stm32f103xe.o(.text)
    DMA2_Channel3_IRQHandler                 0x0800015f   Thumb Code     0  startup_stm32f103xe.o(.text)
    DMA2_Channel4_5_IRQHandler               0x0800015f   Thumb Code     0  startup_stm32f103xe.o(.text)
    EXTI0_IRQHandler                         0x0800015f   Thumb Code     0  startup_stm32f103xe.o(.text)
    EXTI1_IRQHandler                         0x0800015f   Thumb Code     0  startup_stm32f103xe.o(.text)
    FLASH_IRQHandler                         0x0800015f   Thumb Code     0  startup_stm32f103xe.o(.text)
    FSMC_IRQHandler                          0x0800015f   Thumb Code     0  startup_stm32f103xe.o(.text)
    I2C1_ER_IRQHandler                       0x0800015f   Thumb Code     0  startup_stm32f103xe.o(.text)
    I2C1_EV_IRQHandler                       0x0800015f   Thumb Code     0  startup_stm32f103xe.o(.text)
    I2C2_ER_IRQHandler                       0x0800015f   Thumb Code     0  startup_stm32f103xe.o(.text)
    I2C2_EV_IRQHandler                       0x0800015f   Thumb Code     0  startup_stm32f103xe.o(.text)
    PVD_IRQHandler                           0x0800015f   Thumb Code     0  startup_stm32f103xe.o(.text)
    RCC_IRQHandler                           0x0800015f   Thumb Code     0  startup_stm32f103xe.o(.text)
    RTC_Alarm_IRQHandler                     0x0800015f   Thumb Code     0  startup_stm32f103xe.o(.text)
    RTC_IRQHandler                           0x0800015f   Thumb Code     0  startup_stm32f103xe.o(.text)
    SDIO_IRQHandler                          0x0800015f   Thumb Code     0  startup_stm32f103xe.o(.text)
    SPI1_IRQHandler                          0x0800015f   Thumb Code     0  startup_stm32f103xe.o(.text)
    SPI2_IRQHandler                          0x0800015f   Thumb Code     0  startup_stm32f103xe.o(.text)
    SPI3_IRQHandler                          0x0800015f   Thumb Code     0  startup_stm32f103xe.o(.text)
    TAMPER_IRQHandler                        0x0800015f   Thumb Code     0  startup_stm32f103xe.o(.text)
    TIM1_BRK_IRQHandler                      0x0800015f   Thumb Code     0  startup_stm32f103xe.o(.text)
    TIM1_CC_IRQHandler                       0x0800015f   Thumb Code     0  startup_stm32f103xe.o(.text)
    TIM1_TRG_COM_IRQHandler                  0x0800015f   Thumb Code     0  startup_stm32f103xe.o(.text)
    TIM1_UP_IRQHandler                       0x0800015f   Thumb Code     0  startup_stm32f103xe.o(.text)
    TIM2_IRQHandler                          0x0800015f   Thumb Code     0  startup_stm32f103xe.o(.text)
    TIM3_IRQHandler                          0x0800015f   Thumb Code     0  startup_stm32f103xe.o(.text)
    TIM4_IRQHandler                          0x0800015f   Thumb Code     0  startup_stm32f103xe.o(.text)
    TIM5_IRQHandler                          0x0800015f   Thumb Code     0  startup_stm32f103xe.o(.text)
    TIM6_IRQHandler                          0x0800015f   Thumb Code     0  startup_stm32f103xe.o(.text)
    TIM7_IRQHandler                          0x0800015f   Thumb Code     0  startup_stm32f103xe.o(.text)
    TIM8_BRK_IRQHandler                      0x0800015f   Thumb Code     0  startup_stm32f103xe.o(.text)
    TIM8_CC_IRQHandler                       0x0800015f   Thumb Code     0  startup_stm32f103xe.o(.text)
    TIM8_TRG_COM_IRQHandler                  0x0800015f   Thumb Code     0  startup_stm32f103xe.o(.text)
    TIM8_UP_IRQHandler                       0x0800015f   Thumb Code     0  startup_stm32f103xe.o(.text)
    UART4_IRQHandler                         0x0800015f   Thumb Code     0  startup_stm32f103xe.o(.text)
    UART5_IRQHandler                         0x0800015f   Thumb Code     0  startup_stm32f103xe.o(.text)
    USART1_IRQHandler                        0x0800015f   Thumb Code     0  startup_stm32f103xe.o(.text)
    USART2_IRQHandler                        0x0800015f   Thumb Code     0  startup_stm32f103xe.o(.text)
    USART3_IRQHandler                        0x0800015f   Thumb Code     0  startup_stm32f103xe.o(.text)
    USBWakeUp_IRQHandler                     0x0800015f   Thumb Code     0  startup_stm32f103xe.o(.text)
    USB_HP_CAN1_TX_IRQHandler                0x0800015f   Thumb Code     0  startup_stm32f103xe.o(.text)
    USB_LP_CAN1_RX0_IRQHandler               0x0800015f   Thumb Code     0  startup_stm32f103xe.o(.text)
    WWDG_IRQHandler                          0x0800015f   Thumb Code     0  startup_stm32f103xe.o(.text)
    __aeabi_llsr                             0x08000169   Thumb Code    32  llushr.o(.text)
    _ll_ushift_r                             0x08000169   Thumb Code     0  llushr.o(.text)
    __aeabi_memcpy                           0x08000189   Thumb Code    36  memcpya.o(.text)
    __aeabi_memcpy4                          0x08000189   Thumb Code     0  memcpya.o(.text)
    __aeabi_memcpy8                          0x08000189   Thumb Code     0  memcpya.o(.text)
    __aeabi_memset                           0x080001ad   Thumb Code    14  memseta.o(.text)
    __aeabi_memset4                          0x080001ad   Thumb Code     0  memseta.o(.text)
    __aeabi_memset8                          0x080001ad   Thumb Code     0  memseta.o(.text)
    __aeabi_memclr                           0x080001bb   Thumb Code     4  memseta.o(.text)
    __aeabi_memclr4                          0x080001bb   Thumb Code     0  memseta.o(.text)
    __aeabi_memclr8                          0x080001bb   Thumb Code     0  memseta.o(.text)
    _memset$wrapper                          0x080001bf   Thumb Code    18  memseta.o(.text)
    __aeabi_fadd                             0x080001d1   Thumb Code   164  fadd.o(.text)
    __aeabi_fsub                             0x08000275   Thumb Code     6  fadd.o(.text)
    __aeabi_frsub                            0x0800027b   Thumb Code     6  fadd.o(.text)
    __aeabi_fmul                             0x08000281   Thumb Code   100  fmul.o(.text)
    __aeabi_fdiv                             0x080002e5   Thumb Code   124  fdiv.o(.text)
    __aeabi_dadd                             0x08000361   Thumb Code   322  dadd.o(.text)
    __aeabi_dsub                             0x080004a3   Thumb Code     6  dadd.o(.text)
    __aeabi_drsub                            0x080004a9   Thumb Code     6  dadd.o(.text)
    __aeabi_dmul                             0x080004af   Thumb Code   228  dmul.o(.text)
    __aeabi_ddiv                             0x08000593   Thumb Code   222  ddiv.o(.text)
    __aeabi_i2f                              0x08000671   Thumb Code    18  fflti.o(.text)
    __aeabi_ui2f                             0x08000683   Thumb Code    10  ffltui.o(.text)
    __aeabi_i2d                              0x0800068d   Thumb Code    34  dflti.o(.text)
    __aeabi_ui2d                             0x080006af   Thumb Code    26  dfltui.o(.text)
    __aeabi_f2iz                             0x080006c9   Thumb Code    50  ffixi.o(.text)
    __aeabi_d2iz                             0x080006fb   Thumb Code    62  dfixi.o(.text)
    __aeabi_f2d                              0x08000739   Thumb Code    38  f2d.o(.text)
    __aeabi_d2f                              0x0800075f   Thumb Code    56  d2f.o(.text)
    __aeabi_cfrcmple                         0x08000799   Thumb Code    20  cfrcmple.o(.text)
    __aeabi_uidiv                            0x080007ad   Thumb Code     0  uidiv.o(.text)
    __aeabi_uidivmod                         0x080007ad   Thumb Code    44  uidiv.o(.text)
    __aeabi_llsl                             0x080007d9   Thumb Code    30  llshl.o(.text)
    _ll_shift_l                              0x080007d9   Thumb Code     0  llshl.o(.text)
    __aeabi_lasr                             0x080007f7   Thumb Code    36  llsshr.o(.text)
    _ll_sshift_r                             0x080007f7   Thumb Code     0  llsshr.o(.text)
    __I$use$fp                               0x0800081b   Thumb Code     0  iusefp.o(.text)
    _float_round                             0x0800081b   Thumb Code    18  fepilogue.o(.text)
    _float_epilogue                          0x0800082d   Thumb Code    92  fepilogue.o(.text)
    _double_round                            0x08000889   Thumb Code    30  depilogue.o(.text)
    _double_epilogue                         0x080008a7   Thumb Code   156  depilogue.o(.text)
    _dsqrt                                   0x08000943   Thumb Code   162  dsqrt.o(.text)
    __scatterload                            0x080009e5   Thumb Code    28  init.o(.text)
    __scatterload_rt2                        0x080009e5   Thumb Code     0  init.o(.text)
    __ARM_scalbn                             0x08000a09   Thumb Code    46  dscalb.o(.text)
    scalbn                                   0x08000a09   Thumb Code     0  dscalb.o(.text)
    AddWall                                  0x08000a39   Thumb Code   108  maze_pathfinding.o(i.AddWall)
    BT_task                                  0x08000aa9   Thumb Code   174  bluetooth.o(i.BT_task)
    BusFault_Handler                         0x08000b69   Thumb Code     2  stm32f1xx_it.o(i.BusFault_Handler)
    ClearWalls                               0x08000b6d   Thumb Code   144  maze_pathfinding.o(i.ClearWalls)
    DMA1_Channel2_IRQHandler                 0x08000c05   Thumb Code     6  stm32f1xx_it.o(i.DMA1_Channel2_IRQHandler)
    DMA1_Channel3_IRQHandler                 0x08000c11   Thumb Code     6  stm32f1xx_it.o(i.DMA1_Channel3_IRQHandler)
    DMA1_Channel6_IRQHandler                 0x08000c1d   Thumb Code     6  stm32f1xx_it.o(i.DMA1_Channel6_IRQHandler)
    DMA1_Channel7_IRQHandler                 0x08000c29   Thumb Code     6  stm32f1xx_it.o(i.DMA1_Channel7_IRQHandler)
    DebugMon_Handler                         0x08000c5f   Thumb Code     2  stm32f1xx_it.o(i.DebugMon_Handler)
    EXTI15_10_IRQHandler                     0x08000c61   Thumb Code    52  motor.o(i.EXTI15_10_IRQHandler)
    EXTI2_IRQHandler                         0x08000ca5   Thumb Code    50  motor.o(i.EXTI2_IRQHandler)
    EXTI3_IRQHandler                         0x08000ce9   Thumb Code     6  stm32f1xx_it.o(i.EXTI3_IRQHandler)
    EXTI4_IRQHandler                         0x08000cef   Thumb Code     6  stm32f1xx_it.o(i.EXTI4_IRQHandler)
    EXTI9_5_IRQHandler                       0x08000cf5   Thumb Code    18  stm32f1xx_it.o(i.EXTI9_5_IRQHandler)
    Error_Handler                            0x08000d07   Thumb Code     2  main.o(i.Error_Handler)
    Get_cnt                                  0x08000d09   Thumb Code    74  motor.o(i.Get_cnt)
    HAL_DMA_IRQHandler                       0x08000d65   Thumb Code   552  stm32f1xx_hal_dma.o(i.HAL_DMA_IRQHandler)
    HAL_DMA_Init                             0x08000fad   Thumb Code   112  stm32f1xx_hal_dma.o(i.HAL_DMA_Init)
    HAL_DMA_Start_IT                         0x08001029   Thumb Code   112  stm32f1xx_hal_dma.o(i.HAL_DMA_Start_IT)
    HAL_GPIO_EXTI_Callback                   0x08001099   Thumb Code    46  main.o(i.HAL_GPIO_EXTI_Callback)
    HAL_GPIO_EXTI_IRQHandler                 0x080010cd   Thumb Code    18  stm32f1xx_hal_gpio.o(i.HAL_GPIO_EXTI_IRQHandler)
    HAL_GPIO_Init                            0x080010e5   Thumb Code   462  stm32f1xx_hal_gpio.o(i.HAL_GPIO_Init)
    HAL_GPIO_ReadPin                         0x080012dd   Thumb Code    10  stm32f1xx_hal_gpio.o(i.HAL_GPIO_ReadPin)
    HAL_GPIO_TogglePin                       0x080012e7   Thumb Code    14  stm32f1xx_hal_gpio.o(i.HAL_GPIO_TogglePin)
    HAL_GPIO_WritePin                        0x080012f5   Thumb Code    10  stm32f1xx_hal_gpio.o(i.HAL_GPIO_WritePin)
    HAL_GetTick                              0x08001301   Thumb Code     6  stm32f1xx_hal.o(i.HAL_GetTick)
    HAL_I2C_Init                             0x0800130d   Thumb Code   356  stm32f1xx_hal_i2c.o(i.HAL_I2C_Init)
    HAL_I2C_MspInit                          0x08001481   Thumb Code    96  stm32f1xx_hal_msp.o(i.HAL_I2C_MspInit)
    HAL_IncTick                              0x080014f1   Thumb Code    12  stm32f1xx_hal.o(i.HAL_IncTick)
    HAL_Init                                 0x08001501   Thumb Code    32  stm32f1xx_hal.o(i.HAL_Init)
    HAL_InitTick                             0x08001525   Thumb Code    54  stm32f1xx_hal.o(i.HAL_InitTick)
    HAL_MspInit                              0x08001565   Thumb Code    52  stm32f1xx_hal_msp.o(i.HAL_MspInit)
    HAL_NVIC_EnableIRQ                       0x080015a1   Thumb Code    26  stm32f1xx_hal_cortex.o(i.HAL_NVIC_EnableIRQ)
    HAL_NVIC_SetPriority                     0x080015bd   Thumb Code    60  stm32f1xx_hal_cortex.o(i.HAL_NVIC_SetPriority)
    HAL_NVIC_SetPriorityGrouping             0x080015fd   Thumb Code    26  stm32f1xx_hal_cortex.o(i.HAL_NVIC_SetPriorityGrouping)
    HAL_RCC_ClockConfig                      0x08001621   Thumb Code   280  stm32f1xx_hal_rcc.o(i.HAL_RCC_ClockConfig)
    HAL_RCC_GetPCLK1Freq                     0x0800174d   Thumb Code    20  stm32f1xx_hal_rcc.o(i.HAL_RCC_GetPCLK1Freq)
    HAL_RCC_GetPCLK2Freq                     0x0800176d   Thumb Code    20  stm32f1xx_hal_rcc.o(i.HAL_RCC_GetPCLK2Freq)
    HAL_RCC_GetSysClockFreq                  0x0800178d   Thumb Code    74  stm32f1xx_hal_rcc.o(i.HAL_RCC_GetSysClockFreq)
    HAL_RCC_OscConfig                        0x080017f9   Thumb Code   778  stm32f1xx_hal_rcc.o(i.HAL_RCC_OscConfig)
    HAL_SYSTICK_Config                       0x08001b19   Thumb Code    40  stm32f1xx_hal_cortex.o(i.HAL_SYSTICK_Config)
    HAL_TIMEx_ConfigBreakDeadTime            0x08001b41   Thumb Code    84  stm32f1xx_hal_tim_ex.o(i.HAL_TIMEx_ConfigBreakDeadTime)
    HAL_TIMEx_MasterConfigSynchronization    0x08001b95   Thumb Code    66  stm32f1xx_hal_tim_ex.o(i.HAL_TIMEx_MasterConfigSynchronization)
    HAL_TIM_Base_Init                        0x08001bd7   Thumb Code    54  stm32f1xx_hal_tim.o(i.HAL_TIM_Base_Init)
    HAL_TIM_Base_MspInit                     0x08001c0d   Thumb Code    74  stm32f1xx_hal_msp.o(i.HAL_TIM_Base_MspInit)
    HAL_TIM_ConfigClockSource                0x08001c65   Thumb Code   214  stm32f1xx_hal_tim.o(i.HAL_TIM_ConfigClockSource)
    HAL_TIM_Encoder_Init                     0x08001d3b   Thumb Code   152  stm32f1xx_hal_tim.o(i.HAL_TIM_Encoder_Init)
    HAL_TIM_Encoder_MspInit                  0x08001dd5   Thumb Code   188  stm32f1xx_hal_msp.o(i.HAL_TIM_Encoder_MspInit)
    HAL_TIM_Encoder_Start                    0x08001ead   Thumb Code    52  stm32f1xx_hal_tim.o(i.HAL_TIM_Encoder_Start)
    HAL_TIM_MspPostInit                      0x08001ee1   Thumb Code    64  stm32f1xx_hal_msp.o(i.HAL_TIM_MspPostInit)
    HAL_TIM_PWM_ConfigChannel                0x08001f2d   Thumb Code   208  stm32f1xx_hal_tim.o(i.HAL_TIM_PWM_ConfigChannel)
    HAL_TIM_PWM_Init                         0x08001ffd   Thumb Code    54  stm32f1xx_hal_tim.o(i.HAL_TIM_PWM_Init)
    HAL_TIM_PWM_MspInit                      0x08002033   Thumb Code     2  stm32f1xx_hal_tim.o(i.HAL_TIM_PWM_MspInit)
    HAL_TIM_PWM_Start                        0x08002035   Thumb Code    58  stm32f1xx_hal_tim.o(i.HAL_TIM_PWM_Start)
    HAL_UART_ErrorCallback                   0x08002079   Thumb Code     2  stm32f1xx_hal_uart.o(i.HAL_UART_ErrorCallback)
    HAL_UART_Init                            0x0800207b   Thumb Code    98  stm32f1xx_hal_uart.o(i.HAL_UART_Init)
    HAL_UART_MspInit                         0x080020dd   Thumb Code   344  stm32f1xx_hal_msp.o(i.HAL_UART_MspInit)
    HAL_UART_Receive_DMA                     0x08002261   Thumb Code   138  stm32f1xx_hal_uart.o(i.HAL_UART_Receive_DMA)
    HAL_UART_RxCpltCallback                  0x080022f9   Thumb Code    84  bluetooth.o(i.HAL_UART_RxCpltCallback)
    HAL_UART_RxHalfCpltCallback              0x0800235d   Thumb Code     2  stm32f1xx_hal_uart.o(i.HAL_UART_RxHalfCpltCallback)
    HAL_UART_Transmit                        0x0800235f   Thumb Code   186  stm32f1xx_hal_uart.o(i.HAL_UART_Transmit)
    HardFault_Handler                        0x08002419   Thumb Code     2  stm32f1xx_it.o(i.HardFault_Handler)
    LL_GPIO_Init                             0x08002435   Thumb Code   240  stm32f1xx_ll_gpio.o(i.LL_GPIO_Init)
    LL_TIM_BDTR_Init                         0x0800254f   Thumb Code    58  stm32f1xx_ll_tim.o(i.LL_TIM_BDTR_Init)
    LL_TIM_Init                              0x08002589   Thumb Code   120  stm32f1xx_ll_tim.o(i.LL_TIM_Init)
    LL_TIM_OC_Init                           0x080026bd   Thumb Code   446  stm32f1xx_ll_tim.o(i.LL_TIM_OC_Init)
    MakePath                                 0x08002e21   Thumb Code   900  maze_pathfinding.o(i.MakePath)
    MemManage_Handler                        0x080031a9   Thumb Code     2  stm32f1xx_it.o(i.MemManage_Handler)
    Motor_PID_Enable                         0x080031ad   Thumb Code    70  motor.o(i.Motor_PID_Enable)
    Motor_task                               0x080031f9   Thumb Code  1364  motor.o(i.Motor_task)
    NMI_Handler                              0x0800376d   Thumb Code     2  stm32f1xx_it.o(i.NMI_Handler)
    PendSV_Handler                           0x0800376f   Thumb Code     2  stm32f1xx_it.o(i.PendSV_Handler)
    PersonFinding                            0x08003771   Thumb Code    82  maze_pathfinding.o(i.PersonFinding)
    SVC_Handler                              0x080037c3   Thumb Code     2  stm32f1xx_it.o(i.SVC_Handler)
    Set_Servo                                0x080037c5   Thumb Code    38  servo.o(i.Set_Servo)
    Set_blink                                0x080037f1   Thumb Code    24  led.o(i.Set_blink)
    SysTick_Handler                          0x08003811   Thumb Code     4  stm32f1xx_it.o(i.SysTick_Handler)
    SystemClock_Config                       0x08003815   Thumb Code    90  main.o(i.SystemClock_Config)
    SystemInit                               0x08003871   Thumb Code    56  system_stm32f1xx.o(i.SystemInit)
    TIM_Base_SetConfig                       0x080038b9   Thumb Code   120  stm32f1xx_hal_tim.o(i.TIM_Base_SetConfig)
    TIM_CCxChannelCmd                        0x08003945   Thumb Code    26  stm32f1xx_hal_tim.o(i.TIM_CCxChannelCmd)
    TIM_ETR_SetConfig                        0x0800395f   Thumb Code    20  stm32f1xx_hal_tim.o(i.TIM_ETR_SetConfig)
    TIM_OC2_SetConfig                        0x080039e5   Thumb Code    98  stm32f1xx_hal_tim.o(i.TIM_OC2_SetConfig)
    UsageFault_Handler                       0x08003d29   Thumb Code     2  stm32f1xx_it.o(i.UsageFault_Handler)
    __0printf$1                              0x08003d2d   Thumb Code    22  printf1.o(i.__0printf$1)
    __1printf$1                              0x08003d2d   Thumb Code     0  printf1.o(i.__0printf$1)
    __2printf                                0x08003d2d   Thumb Code     0  printf1.o(i.__0printf$1)
    __ARM_fpclassify                         0x08003d4d   Thumb Code    40  fpclassify.o(i.__ARM_fpclassify)
    __ieee754_rem_pio2                       0x08003d95   Thumb Code   828  rred.o(i.__ieee754_rem_pio2)
    __kernel_cos                             0x0800411d   Thumb Code   230  cos_i.o(i.__kernel_cos)
    __kernel_poly                            0x08004219   Thumb Code   170  poly.o(i.__kernel_poly)
    __kernel_sin                             0x080042c5   Thumb Code   224  sin_i.o(i.__kernel_sin)
    __mathlib_dbl_infnan                     0x080043b1   Thumb Code     6  dunder.o(i.__mathlib_dbl_infnan)
    __mathlib_dbl_infnan2                    0x080043b7   Thumb Code     4  dunder.o(i.__mathlib_dbl_infnan2)
    __mathlib_dbl_invalid                    0x080043bb   Thumb Code    12  dunder.o(i.__mathlib_dbl_invalid)
    __mathlib_dbl_underflow                  0x080043c9   Thumb Code    10  dunder.o(i.__mathlib_dbl_underflow)
    __scatterload_copy                       0x080043d9   Thumb Code    14  handlers.o(i.__scatterload_copy)
    __scatterload_null                       0x080043e7   Thumb Code     2  handlers.o(i.__scatterload_null)
    __scatterload_zeroinit                   0x080043e9   Thumb Code    14  handlers.o(i.__scatterload_zeroinit)
    __set_errno                              0x080043f9   Thumb Code     6  errno.o(i.__set_errno)
    atan                                     0x08004559   Thumb Code   474  atan.o(i.atan)
    atan2                                    0x08004779   Thumb Code   346  atan2.o(i.atan2)
    cal_mecanum                              0x080048f9   Thumb Code   206  mecanum.o(i.cal_mecanum)
    cos                                      0x080049cd   Thumb Code   148  cos.o(i.cos)
    data_task                                0x08004a69   Thumb Code   474  bluetooth.o(i.data_task)
    diffyaw                                  0x08004c5d   Thumb Code    30  main.o(i.diffyaw)
    fputc                                    0x08004c7d   Thumb Code    20  bluetooth.o(i.fputc)
    getangle                                 0x08004c95   Thumb Code    50  main.o(i.getangle)
    getdist                                  0x08004cd1   Thumb Code    28  main.o(i.getdist)
    main                                     0x08004ced   Thumb Code  2304  main.o(i.main)
    sin                                      0x08005729   Thumb Code   150  sin.o(i.sin)
    smalltobig                               0x080057c9   Thumb Code    68  bluetooth.o(i.smalltobig)
    sqrt                                     0x08005815   Thumb Code    76  sqrt.o(i.sqrt)
    user_Motor_Init                          0x08005861   Thumb Code   104  motor.o(i.user_Motor_Init)
    user_Servo_Init                          0x080058d9   Thumb Code    22  servo.o(i.user_Servo_Init)
    AHBPrescTable                            0x08005920   Data          16  system_stm32f1xx.o(.constdata)
    APBPrescTable                            0x08005930   Data           8  system_stm32f1xx.o(.constdata)
    __mathlib_zero                           0x08005a00   Data           8  qnan.o(.constdata)
    Region$$Table$$Base                      0x08005af8   Number         0  anon$$obj.o(Region$$Table)
    Region$$Table$$Limit                     0x08005b18   Number         0  anon$$obj.o(Region$$Table)
    led_times                                0x20000000   Data           2  led.o(.data)
    led_period                               0x20000004   Data           4  led.o(.data)
    cnt1                                     0x2000000c   Data           2  motor.o(.data)
    bt_cnt                                   0x20000014   Data           1  bluetooth.o(.data)
    data_cnt                                 0x20000015   Data           1  bluetooth.o(.data)
    wrong                                    0x20000016   Data           1  bluetooth.o(.data)
    state                                    0x20000018   Data           1  main.o(.data)
    move_en                                  0x20000019   Data           1  main.o(.data)
    findline1                                0x2000001a   Data           1  main.o(.data)
    findline2                                0x2000001b   Data           1  main.o(.data)
    slowdown1                                0x2000001c   Data           1  main.o(.data)
    slowdown2                                0x2000001d   Data           1  main.o(.data)
    inityaw                                  0x2000001e   Data           2  main.o(.data)
    common_mt_ctrl                           0x20000020   Data           4  main.o(.data)
    newtime                                  0x20000024   Data           4  main.o(.data)
    uwTickFreq                               0x20000028   Data           1  stm32f1xx_hal.o(.data)
    uwTickPrio                               0x2000002c   Data           4  stm32f1xx_hal.o(.data)
    uwTick                                   0x20000030   Data           4  stm32f1xx_hal.o(.data)
    SystemCoreClock                          0x20000034   Data           4  system_stm32f1xx.o(.data)
    __stdout                                 0x20000038   Data           4  stdout.o(.data)
    currerr                                  0x20000040   Data          16  motor.o(.bss)
    btRxbuf                                  0x20000050   Data          10  bluetooth.o(.bss)
    dataRxbuf                                0x2000005a   Data          50  bluetooth.o(.bss)
    maze                                     0x2000008c   Data        1024  maze_pathfinding.o(.bss)
    motors                                   0x2000048c   Data         160  main.o(.bss)
    speed_xyr                                0x2000052c   Data          12  main.o(.bss)
    info                                     0x20000538   Data          36  main.o(.bss)
    hi2c1                                    0x2000055c   Data          84  main.o(.bss)
    htim2                                    0x200005b0   Data          64  main.o(.bss)
    htim3                                    0x200005f0   Data          64  main.o(.bss)
    htim4                                    0x20000630   Data          64  main.o(.bss)
    htim5                                    0x20000670   Data          64  main.o(.bss)
    htim6                                    0x200006b0   Data          64  main.o(.bss)
    htim8                                    0x200006f0   Data          64  main.o(.bss)
    huart2                                   0x20000730   Data          64  main.o(.bss)
    huart3                                   0x20000770   Data          64  main.o(.bss)
    hdma_usart2_rx                           0x200007b0   Data          68  main.o(.bss)
    hdma_usart2_tx                           0x200007f4   Data          68  main.o(.bss)
    hdma_usart3_rx                           0x20000838   Data          68  main.o(.bss)
    hdma_usart3_tx                           0x2000087c   Data          68  main.o(.bss)
    __initial_sp                             0x20000cc0   Data           0  startup_stm32f103xe.o(STACK)



==============================================================================

Memory Map of the image

  Image Entry point : 0x08000131

  Load Region LR_IROM1 (Base: 0x08000000, Size: 0x00005b58, Max: 0x00010000, ABSOLUTE)

    Execution Region ER_IROM1 (Base: 0x08000000, Size: 0x00005b18, Max: 0x00010000, ABSOLUTE)

    Base Addr    Size         Type   Attr      Idx    E Section Name        Object

    0x08000000   0x00000130   Data   RO            3    RESET               startup_stm32f103xe.o
    0x08000130   0x00000000   Code   RO         4044  * .ARM.Collect$$$$00000000  mc_w.l(entry.o)
    0x08000130   0x00000004   Code   RO         4385    .ARM.Collect$$$$00000001  mc_w.l(entry2.o)
    0x08000134   0x00000004   Code   RO         4388    .ARM.Collect$$$$00000004  mc_w.l(entry5.o)
    0x08000138   0x00000000   Code   RO         4390    .ARM.Collect$$$$00000008  mc_w.l(entry7b.o)
    0x08000138   0x00000000   Code   RO         4392    .ARM.Collect$$$$0000000A  mc_w.l(entry8b.o)
    0x08000138   0x00000008   Code   RO         4393    .ARM.Collect$$$$0000000B  mc_w.l(entry9a.o)
    0x08000140   0x00000000   Code   RO         4395    .ARM.Collect$$$$0000000D  mc_w.l(entry10a.o)
    0x08000140   0x00000000   Code   RO         4397    .ARM.Collect$$$$0000000F  mc_w.l(entry11a.o)
    0x08000140   0x00000004   Code   RO         4386    .ARM.Collect$$$$00002712  mc_w.l(entry2.o)
    0x08000144   0x00000024   Code   RO            4    .text               startup_stm32f103xe.o
    0x08000168   0x00000020   Code   RO         4047    .text               mc_w.l(llushr.o)
    0x08000188   0x00000024   Code   RO         4049    .text               mc_w.l(memcpya.o)
    0x080001ac   0x00000024   Code   RO         4051    .text               mc_w.l(memseta.o)
    0x080001d0   0x000000b0   Code   RO         4316    .text               mf_w.l(fadd.o)
    0x08000280   0x00000064   Code   RO         4318    .text               mf_w.l(fmul.o)
    0x080002e4   0x0000007c   Code   RO         4320    .text               mf_w.l(fdiv.o)
    0x08000360   0x0000014e   Code   RO         4322    .text               mf_w.l(dadd.o)
    0x080004ae   0x000000e4   Code   RO         4324    .text               mf_w.l(dmul.o)
    0x08000592   0x000000de   Code   RO         4326    .text               mf_w.l(ddiv.o)
    0x08000670   0x00000012   Code   RO         4328    .text               mf_w.l(fflti.o)
    0x08000682   0x0000000a   Code   RO         4330    .text               mf_w.l(ffltui.o)
    0x0800068c   0x00000022   Code   RO         4332    .text               mf_w.l(dflti.o)
    0x080006ae   0x0000001a   Code   RO         4334    .text               mf_w.l(dfltui.o)
    0x080006c8   0x00000032   Code   RO         4336    .text               mf_w.l(ffixi.o)
    0x080006fa   0x0000003e   Code   RO         4338    .text               mf_w.l(dfixi.o)
    0x08000738   0x00000026   Code   RO         4340    .text               mf_w.l(f2d.o)
    0x0800075e   0x00000038   Code   RO         4342    .text               mf_w.l(d2f.o)
    0x08000796   0x00000002   PAD
    0x08000798   0x00000014   Code   RO         4344    .text               mf_w.l(cfrcmple.o)
    0x080007ac   0x0000002c   Code   RO         4400    .text               mc_w.l(uidiv.o)
    0x080007d8   0x0000001e   Code   RO         4404    .text               mc_w.l(llshl.o)
    0x080007f6   0x00000024   Code   RO         4406    .text               mc_w.l(llsshr.o)
    0x0800081a   0x00000000   Code   RO         4415    .text               mc_w.l(iusefp.o)
    0x0800081a   0x0000006e   Code   RO         4416    .text               mf_w.l(fepilogue.o)
    0x08000888   0x000000ba   Code   RO         4418    .text               mf_w.l(depilogue.o)
    0x08000942   0x000000a2   Code   RO         4420    .text               mf_w.l(dsqrt.o)
    0x080009e4   0x00000024   Code   RO         4432    .text               mc_w.l(init.o)
    0x08000a08   0x0000002e   Code   RO         4434    .text               mf_w.l(dscalb.o)
    0x08000a36   0x00000002   PAD
    0x08000a38   0x00000070   Code   RO          498    i.AddWall           maze_pathfinding.o
    0x08000aa8   0x000000c0   Code   RO          441    i.BT_task           bluetooth.o
    0x08000b68   0x00000002   Code   RO          677    i.BusFault_Handler  stm32f1xx_it.o
    0x08000b6a   0x00000002   PAD
    0x08000b6c   0x00000098   Code   RO          499    i.ClearWalls        maze_pathfinding.o
    0x08000c04   0x0000000c   Code   RO          678    i.DMA1_Channel2_IRQHandler  stm32f1xx_it.o
    0x08000c10   0x0000000c   Code   RO          679    i.DMA1_Channel3_IRQHandler  stm32f1xx_it.o
    0x08000c1c   0x0000000c   Code   RO          680    i.DMA1_Channel6_IRQHandler  stm32f1xx_it.o
    0x08000c28   0x0000000c   Code   RO          681    i.DMA1_Channel7_IRQHandler  stm32f1xx_it.o
    0x08000c34   0x0000002a   Code   RO         1728    i.DMA_SetConfig     stm32f1xx_hal_dma.o
    0x08000c5e   0x00000002   Code   RO          682    i.DebugMon_Handler  stm32f1xx_it.o
    0x08000c60   0x00000044   Code   RO          200    i.EXTI15_10_IRQHandler  motor.o
    0x08000ca4   0x00000044   Code   RO          201    i.EXTI2_IRQHandler  motor.o
    0x08000ce8   0x00000006   Code   RO          683    i.EXTI3_IRQHandler  stm32f1xx_it.o
    0x08000cee   0x00000006   Code   RO          684    i.EXTI4_IRQHandler  stm32f1xx_it.o
    0x08000cf4   0x00000012   Code   RO          685    i.EXTI9_5_IRQHandler  stm32f1xx_it.o
    0x08000d06   0x00000002   Code   RO          543    i.Error_Handler     main.o
    0x08000d08   0x0000005c   Code   RO          202    i.Get_cnt           motor.o
    0x08000d64   0x00000248   Code   RO         1734    i.HAL_DMA_IRQHandler  stm32f1xx_hal_dma.o
    0x08000fac   0x0000007c   Code   RO         1735    i.HAL_DMA_Init      stm32f1xx_hal_dma.o
    0x08001028   0x00000070   Code   RO         1739    i.HAL_DMA_Start_IT  stm32f1xx_hal_dma.o
    0x08001098   0x00000034   Code   RO          544    i.HAL_GPIO_EXTI_Callback  main.o
    0x080010cc   0x00000018   Code   RO         1664    i.HAL_GPIO_EXTI_IRQHandler  stm32f1xx_hal_gpio.o
    0x080010e4   0x000001f8   Code   RO         1665    i.HAL_GPIO_Init     stm32f1xx_hal_gpio.o
    0x080012dc   0x0000000a   Code   RO         1667    i.HAL_GPIO_ReadPin  stm32f1xx_hal_gpio.o
    0x080012e6   0x0000000e   Code   RO         1668    i.HAL_GPIO_TogglePin  stm32f1xx_hal_gpio.o
    0x080012f4   0x0000000a   Code   RO         1669    i.HAL_GPIO_WritePin  stm32f1xx_hal_gpio.o
    0x080012fe   0x00000002   PAD
    0x08001300   0x0000000c   Code   RO         1361    i.HAL_GetTick       stm32f1xx_hal.o
    0x0800130c   0x00000174   Code   RO          939    i.HAL_I2C_Init      stm32f1xx_hal_i2c.o
    0x08001480   0x00000070   Code   RO          796    i.HAL_I2C_MspInit   stm32f1xx_hal_msp.o
    0x080014f0   0x00000010   Code   RO         1367    i.HAL_IncTick       stm32f1xx_hal.o
    0x08001500   0x00000024   Code   RO         1368    i.HAL_Init          stm32f1xx_hal.o
    0x08001524   0x00000040   Code   RO         1369    i.HAL_InitTick      stm32f1xx_hal.o
    0x08001564   0x0000003c   Code   RO          797    i.HAL_MspInit       stm32f1xx_hal_msp.o
    0x080015a0   0x0000001a   Code   RO         1825    i.HAL_NVIC_EnableIRQ  stm32f1xx_hal_cortex.o
    0x080015ba   0x00000002   PAD
    0x080015bc   0x00000040   Code   RO         1831    i.HAL_NVIC_SetPriority  stm32f1xx_hal_cortex.o
    0x080015fc   0x00000024   Code   RO         1832    i.HAL_NVIC_SetPriorityGrouping  stm32f1xx_hal_cortex.o
    0x08001620   0x0000012c   Code   RO         1525    i.HAL_RCC_ClockConfig  stm32f1xx_hal_rcc.o
    0x0800174c   0x00000020   Code   RO         1532    i.HAL_RCC_GetPCLK1Freq  stm32f1xx_hal_rcc.o
    0x0800176c   0x00000020   Code   RO         1533    i.HAL_RCC_GetPCLK2Freq  stm32f1xx_hal_rcc.o
    0x0800178c   0x0000006c   Code   RO         1534    i.HAL_RCC_GetSysClockFreq  stm32f1xx_hal_rcc.o
    0x080017f8   0x00000320   Code   RO         1537    i.HAL_RCC_OscConfig  stm32f1xx_hal_rcc.o
    0x08001b18   0x00000028   Code   RO         1836    i.HAL_SYSTICK_Config  stm32f1xx_hal_cortex.o
    0x08001b40   0x00000054   Code   RO         3198    i.HAL_TIMEx_ConfigBreakDeadTime  stm32f1xx_hal_tim_ex.o
    0x08001b94   0x00000042   Code   RO         3213    i.HAL_TIMEx_MasterConfigSynchronization  stm32f1xx_hal_tim_ex.o
    0x08001bd6   0x00000036   Code   RO         2520    i.HAL_TIM_Base_Init  stm32f1xx_hal_tim.o
    0x08001c0c   0x00000058   Code   RO          799    i.HAL_TIM_Base_MspInit  stm32f1xx_hal_msp.o
    0x08001c64   0x000000d6   Code   RO         2529    i.HAL_TIM_ConfigClockSource  stm32f1xx_hal_tim.o
    0x08001d3a   0x00000098   Code   RO         2538    i.HAL_TIM_Encoder_Init  stm32f1xx_hal_tim.o
    0x08001dd2   0x00000002   PAD
    0x08001dd4   0x000000d8   Code   RO          801    i.HAL_TIM_Encoder_MspInit  stm32f1xx_hal_msp.o
    0x08001eac   0x00000034   Code   RO         2541    i.HAL_TIM_Encoder_Start  stm32f1xx_hal_tim.o
    0x08001ee0   0x0000004c   Code   RO          802    i.HAL_TIM_MspPostInit  stm32f1xx_hal_msp.o
    0x08001f2c   0x000000d0   Code   RO         2587    i.HAL_TIM_PWM_ConfigChannel  stm32f1xx_hal_tim.o
    0x08001ffc   0x00000036   Code   RO         2590    i.HAL_TIM_PWM_Init  stm32f1xx_hal_tim.o
    0x08002032   0x00000002   Code   RO         2592    i.HAL_TIM_PWM_MspInit  stm32f1xx_hal_tim.o
    0x08002034   0x00000044   Code   RO         2595    i.HAL_TIM_PWM_Start  stm32f1xx_hal_tim.o
    0x08002078   0x00000002   Code   RO         3672    i.HAL_UART_ErrorCallback  stm32f1xx_hal_uart.o
    0x0800207a   0x00000062   Code   RO         3676    i.HAL_UART_Init     stm32f1xx_hal_uart.o
    0x080020dc   0x00000184   Code   RO          804    i.HAL_UART_MspInit  stm32f1xx_hal_msp.o
    0x08002260   0x00000098   Code   RO         3680    i.HAL_UART_Receive_DMA  stm32f1xx_hal_uart.o
    0x080022f8   0x00000064   Code   RO          442    i.HAL_UART_RxCpltCallback  bluetooth.o
    0x0800235c   0x00000002   Code   RO         3683    i.HAL_UART_RxHalfCpltCallback  stm32f1xx_hal_uart.o
    0x0800235e   0x000000ba   Code   RO         3684    i.HAL_UART_Transmit  stm32f1xx_hal_uart.o
    0x08002418   0x00000002   Code   RO          686    i.HardFault_Handler  stm32f1xx_it.o
    0x0800241a   0x00000002   PAD
    0x0800241c   0x00000018   Code   RO          545    i.LL_APB2_GRP1_EnableClock  main.o
    0x08002434   0x000000f0   Code   RO         3561    i.LL_GPIO_Init      stm32f1xx_ll_gpio.o
    0x08002524   0x0000002a   Code   RO          203    i.LL_GPIO_SetPinMode  motor.o
    0x0800254e   0x0000003a   Code   RO         3448    i.LL_TIM_BDTR_Init  stm32f1xx_ll_tim.o
    0x08002588   0x0000008c   Code   RO         3457    i.LL_TIM_Init       stm32f1xx_ll_tim.o
    0x08002614   0x00000054   Code   RO          546    i.LL_TIM_OC_DisableFast  main.o
    0x08002668   0x00000054   Code   RO          547    i.LL_TIM_OC_EnablePreload  main.o
    0x080026bc   0x000001c8   Code   RO         3458    i.LL_TIM_OC_Init    stm32f1xx_ll_tim.o
    0x08002884   0x00000050   Code   RO          204    i.LL_TIM_OC_SetPolarity  motor.o
    0x080028d4   0x00000184   Code   RO          548    i.MX_GPIO_Init      main.o
    0x08002a58   0x00000160   Code   RO          549    i.MX_TIM1_Init      main.o
    0x08002bb8   0x00000060   Code   RO          550    i.MX_TIM2_Init      main.o
    0x08002c18   0x00000068   Code   RO          551    i.MX_TIM3_Init      main.o
    0x08002c80   0x00000068   Code   RO          552    i.MX_TIM4_Init      main.o
    0x08002ce8   0x00000068   Code   RO          553    i.MX_TIM5_Init      main.o
    0x08002d50   0x000000d0   Code   RO          554    i.MX_TIM8_Init      main.o
    0x08002e20   0x00000388   Code   RO          500    i.MakePath          maze_pathfinding.o
    0x080031a8   0x00000002   Code   RO          687    i.MemManage_Handler  stm32f1xx_it.o
    0x080031aa   0x00000002   PAD
    0x080031ac   0x0000004c   Code   RO          205    i.Motor_PID_Enable  motor.o
    0x080031f8   0x00000574   Code   RO          207    i.Motor_task        motor.o
    0x0800376c   0x00000002   Code   RO          688    i.NMI_Handler       stm32f1xx_it.o
    0x0800376e   0x00000002   Code   RO          689    i.PendSV_Handler    stm32f1xx_it.o
    0x08003770   0x00000052   Code   RO          502    i.PersonFinding     maze_pathfinding.o
    0x080037c2   0x00000002   Code   RO          690    i.SVC_Handler       stm32f1xx_it.o
    0x080037c4   0x0000002c   Code   RO          402    i.Set_Servo         servo.o
    0x080037f0   0x00000020   Code   RO           14    i.Set_blink         led.o
    0x08003810   0x00000004   Code   RO          691    i.SysTick_Handler   stm32f1xx_it.o
    0x08003814   0x0000005a   Code   RO          555    i.SystemClock_Config  main.o
    0x0800386e   0x00000002   PAD
    0x08003870   0x00000048   Code   RO         3978    i.SystemInit        system_stm32f1xx.o
    0x080038b8   0x0000008c   Code   RO         2608    i.TIM_Base_SetConfig  stm32f1xx_hal_tim.o
    0x08003944   0x0000001a   Code   RO         2609    i.TIM_CCxChannelCmd  stm32f1xx_hal_tim.o
    0x0800395e   0x00000014   Code   RO         2619    i.TIM_ETR_SetConfig  stm32f1xx_hal_tim.o
    0x08003972   0x00000010   Code   RO         2620    i.TIM_ITRx_SetConfig  stm32f1xx_hal_tim.o
    0x08003982   0x00000002   PAD
    0x08003984   0x00000060   Code   RO         2621    i.TIM_OC1_SetConfig  stm32f1xx_hal_tim.o
    0x080039e4   0x0000006c   Code   RO         2622    i.TIM_OC2_SetConfig  stm32f1xx_hal_tim.o
    0x08003a50   0x00000068   Code   RO         2623    i.TIM_OC3_SetConfig  stm32f1xx_hal_tim.o
    0x08003ab8   0x00000050   Code   RO         2624    i.TIM_OC4_SetConfig  stm32f1xx_hal_tim.o
    0x08003b08   0x00000022   Code   RO         2626    i.TIM_TI1_ConfigInputStage  stm32f1xx_hal_tim.o
    0x08003b2a   0x00000024   Code   RO         2628    i.TIM_TI2_ConfigInputStage  stm32f1xx_hal_tim.o
    0x08003b4e   0x0000004a   Code   RO         3690    i.UART_DMAError     stm32f1xx_hal_uart.o
    0x08003b98   0x0000003c   Code   RO         3691    i.UART_DMAReceiveCplt  stm32f1xx_hal_uart.o
    0x08003bd4   0x0000000a   Code   RO         3693    i.UART_DMARxHalfCplt  stm32f1xx_hal_uart.o
    0x08003bde   0x0000001c   Code   RO         3699    i.UART_EndRxTransfer  stm32f1xx_hal_uart.o
    0x08003bfa   0x00000012   Code   RO         3700    i.UART_EndTxTransfer  stm32f1xx_hal_uart.o
    0x08003c0c   0x000000b8   Code   RO         3702    i.UART_SetConfig    stm32f1xx_hal_uart.o
    0x08003cc4   0x00000064   Code   RO         3704    i.UART_WaitOnFlagUntilTimeout  stm32f1xx_hal_uart.o
    0x08003d28   0x00000002   Code   RO          692    i.UsageFault_Handler  stm32f1xx_it.o
    0x08003d2a   0x00000002   PAD
    0x08003d2c   0x00000020   Code   RO         4100    i.__0printf$1       mc_w.l(printf1.o)
    0x08003d4c   0x00000028   Code   RO         4428    i.__ARM_fpclassify  m_ws.l(fpclassify.o)
    0x08003d74   0x00000020   Code   RO         1838    i.__NVIC_SetPriority  stm32f1xx_hal_cortex.o
    0x08003d94   0x00000388   Code   RO         4374    i.__ieee754_rem_pio2  m_ws.l(rred.o)
    0x0800411c   0x000000fc   Code   RO         4356    i.__kernel_cos      m_ws.l(cos_i.o)
    0x08004218   0x000000aa   Code   RO         4430    i.__kernel_poly     m_ws.l(poly.o)
    0x080042c2   0x00000002   PAD
    0x080042c4   0x000000ec   Code   RO         4379    i.__kernel_sin      m_ws.l(sin_i.o)
    0x080043b0   0x00000006   Code   RO         4360    i.__mathlib_dbl_infnan  m_ws.l(dunder.o)
    0x080043b6   0x00000004   Code   RO         4361    i.__mathlib_dbl_infnan2  m_ws.l(dunder.o)
    0x080043ba   0x0000000c   Code   RO         4362    i.__mathlib_dbl_invalid  m_ws.l(dunder.o)
    0x080043c6   0x00000002   PAD
    0x080043c8   0x00000010   Code   RO         4365    i.__mathlib_dbl_underflow  m_ws.l(dunder.o)
    0x080043d8   0x0000000e   Code   RO         4438    i.__scatterload_copy  mc_w.l(handlers.o)
    0x080043e6   0x00000002   Code   RO         4439    i.__scatterload_null  mc_w.l(handlers.o)
    0x080043e8   0x0000000e   Code   RO         4440    i.__scatterload_zeroinit  mc_w.l(handlers.o)
    0x080043f6   0x00000002   PAD
    0x080043f8   0x0000000c   Code   RO         4410    i.__set_errno       mc_w.l(errno.o)
    0x08004404   0x00000154   Code   RO         4107    i._printf_core      mc_w.l(printf1.o)
    0x08004558   0x00000220   Code   RO         4347    i.atan              m_ws.l(atan.o)
    0x08004778   0x00000180   Code   RO         4013    i.atan2             m_ws.l(atan2.o)
    0x080048f8   0x000000d4   Code   RO          167    i.cal_mecanum       mecanum.o
    0x080049cc   0x0000009c   Code   RO         4021    i.cos               m_ws.l(cos.o)
    0x08004a68   0x000001f4   Code   RO          443    i.data_task         bluetooth.o
    0x08004c5c   0x0000001e   Code   RO          556    i.diffyaw           main.o
    0x08004c7a   0x00000002   PAD
    0x08004c7c   0x00000018   Code   RO          444    i.fputc             bluetooth.o
    0x08004c94   0x0000003c   Code   RO          557    i.getangle          main.o
    0x08004cd0   0x0000001c   Code   RO          558    i.getdist           main.o
    0x08004cec   0x00000900   Code   RO          559    i.main              main.o
    0x080055ec   0x0000013c   Code   RO          208    i.pid_Motor_Init    motor.o
    0x08005728   0x000000a0   Code   RO         4029    i.sin               m_ws.l(sin.o)
    0x080057c8   0x0000004c   Code   RO          445    i.smalltobig        bluetooth.o
    0x08005814   0x0000004c   Code   RO         4037    i.sqrt              m_ws.l(sqrt.o)
    0x08005860   0x00000078   Code   RO          209    i.user_Motor_Init   motor.o
    0x080058d8   0x0000001c   Code   RO          403    i.user_Servo_Init   servo.o
    0x080058f4   0x00000007   Data   RO          211    .constdata          motor.o
    0x080058fb   0x00000001   PAD
    0x080058fc   0x00000024   Data   RO          565    .constdata          main.o
    0x08005920   0x00000010   Data   RO         3979    .constdata          system_stm32f1xx.o
    0x08005930   0x00000008   Data   RO         3980    .constdata          system_stm32f1xx.o
    0x08005938   0x00000098   Data   RO         4348    .constdata          m_ws.l(atan.o)
    0x080059d0   0x00000030   Data   RO         4357    .constdata          m_ws.l(cos_i.o)
    0x08005a00   0x00000008   Data   RO         4373    .constdata          m_ws.l(qnan.o)
    0x08005a08   0x000000c8   Data   RO         4376    .constdata          m_ws.l(rred.o)
    0x08005ad0   0x00000028   Data   RO         4380    .constdata          m_ws.l(sin_i.o)
    0x08005af8   0x00000020   Data   RO         4436    Region$$Table       anon$$obj.o


    Execution Region RW_IRAM1 (Base: 0x20000000, Size: 0x00000cc0, Max: 0x00005000, ABSOLUTE)

    Base Addr    Size         Type   Attr      Idx    E Section Name        Object

    0x20000000   0x0000000c   Data   RW           15    .data               led.o
    0x2000000c   0x00000008   Data   RW          212    .data               motor.o
    0x20000014   0x00000003   Data   RW          447    .data               bluetooth.o
    0x20000017   0x00000001   PAD
    0x20000018   0x00000010   Data   RW          566    .data               main.o
    0x20000028   0x0000000c   Data   RW         1375    .data               stm32f1xx_hal.o
    0x20000034   0x00000004   Data   RW         3981    .data               system_stm32f1xx.o
    0x20000038   0x00000004   Data   RW         4399    .data               mc_w.l(stdout.o)
    0x2000003c   0x00000004   Data   RW         4411    .data               mc_w.l(errno.o)
    0x20000040   0x00000010   Zero   RW          210    .bss                motor.o
    0x20000050   0x0000003c   Zero   RW          446    .bss                bluetooth.o
    0x2000008c   0x00000400   Zero   RW          503    .bss                maze_pathfinding.o
    0x2000048c   0x00000324   Zero   RW          560    .bss                main.o
    0x200007b0   0x00000044   Zero   RW          561    .bss                main.o
    0x200007f4   0x00000044   Zero   RW          562    .bss                main.o
    0x20000838   0x00000044   Zero   RW          563    .bss                main.o
    0x2000087c   0x00000044   Zero   RW          564    .bss                main.o
    0x200008c0   0x00000400   Zero   RW            1    STACK               startup_stm32f103xe.o


==============================================================================

Image component sizes


      Code (inc. data)   RO Data    RW Data    ZI Data      Debug   Object Name

       892         84          0          3         60       6201   bluetooth.o
        32          8          0         12          0     498658   led.o
      4114        240         36         16       1076      44583   main.o
      1250         16          0          0       1024       6077   maze_pathfinding.o
       212          6          0          0          0      11546   mecanum.o
      2258        212          7          8         16      42041   motor.o
        72         12          0          0          0        930   servo.o
        36          8        304          0       1024        788   startup_stm32f103xe.o
       128         24          0         12          0       5801   stm32f1xx_hal.o
       198         14          0          0          0      28871   stm32f1xx_hal_cortex.o
       862         44          0          0          0       3595   stm32f1xx_hal_dma.o
       562         48          0          0          0       4643   stm32f1xx_hal_gpio.o
       372         16          0          0          0       2891   stm32f1xx_hal_i2c.o
       940        122          0          0          0       4892   stm32f1xx_hal_msp.o
      1272        100          0          0          0       5116   stm32f1xx_hal_rcc.o
      1464         66          0          0          0      13463   stm32f1xx_hal_tim.o
       150          0          0          0          0       2056   stm32f1xx_hal_tim_ex.o
       914         20          0          0          0       8374   stm32f1xx_hal_uart.o
        98         24          0          0          0       6661   stm32f1xx_it.o
       240          0          0          0          0      11127   stm32f1xx_ll_gpio.o
       654         30          0          0          0      32190   stm32f1xx_ll_tim.o
        72         16         24          4          0       1115   system_stm32f1xx.o

    ----------------------------------------------------------------------
     16812       1110        404         56       3200     741619   Object Totals
         0          0         32          0          0          0   (incl. Generated)
        20          0          1          1          0          0   (incl. Padding)

    ----------------------------------------------------------------------

      Code (inc. data)   RO Data    RW Data    ZI Data      Debug   Library Member Name

       544         70        152          0          0        124   atan.o
       384         38          0          0          0        144   atan2.o
       156          8          0          0          0        104   cos.o
       252         22         48          0          0        124   cos_i.o
        38          6          0          0          0        272   dunder.o
        40          0          0          0          0         68   fpclassify.o
       170          0          0          0          0         96   poly.o
         0          0          8          0          0          0   qnan.o
       904         76        200          0          0        140   rred.o
       160         10          0          0          0        108   sin.o
       236         12         40          0          0        128   sin_i.o
        76          0          0          0          0         84   sqrt.o
         0          0          0          0          0          0   entry.o
         0          0          0          0          0          0   entry10a.o
         0          0          0          0          0          0   entry11a.o
         8          4          0          0          0          0   entry2.o
         4          0          0          0          0          0   entry5.o
         0          0          0          0          0          0   entry7b.o
         0          0          0          0          0          0   entry8b.o
         8          4          0          0          0          0   entry9a.o
        12          6          0          4          0         68   errno.o
        30          0          0          0          0          0   handlers.o
        36          8          0          0          0         68   init.o
         0          0          0          0          0          0   iusefp.o
        30          0          0          0          0         68   llshl.o
        36          0          0          0          0         68   llsshr.o
        32          0          0          0          0         68   llushr.o
        36          0          0          0          0         68   memcpya.o
        36          0          0          0          0        108   memseta.o
       372         14          0          0          0        184   printf1.o
         0          0          0          4          0          0   stdout.o
        44          0          0          0          0         80   uidiv.o
        20          0          0          0          0         68   cfrcmple.o
        56          0          0          0          0         88   d2f.o
       334          0          0          0          0        148   dadd.o
       222          0          0          0          0        100   ddiv.o
       186          0          0          0          0        176   depilogue.o
        62          0          0          0          0         80   dfixi.o
        34          0          0          0          0         76   dflti.o
        26          0          0          0          0         76   dfltui.o
       228          0          0          0          0         96   dmul.o
        46          0          0          0          0         80   dscalb.o
       162          0          0          0          0        100   dsqrt.o
        38          0          0          0          0         68   f2d.o
       176          0          0          0          0        140   fadd.o
       124          0          0          0          0         88   fdiv.o
       110          0          0          0          0        168   fepilogue.o
        50          0          0          0          0         68   ffixi.o
        18          0          0          0          0         68   fflti.o
        10          0          0          0          0         68   ffltui.o
       100          0          0          0          0         76   fmul.o

    ----------------------------------------------------------------------
      5656        278        448          8          0       4004   Library Totals
        10          0          0          0          0          0   (incl. Padding)

    ----------------------------------------------------------------------

      Code (inc. data)   RO Data    RW Data    ZI Data      Debug   Library Name

      2960        242        448          0          0       1392   m_ws.l
       684         36          0          8          0        780   mc_w.l
      2002          0          0          0          0       1832   mf_w.l

    ----------------------------------------------------------------------
      5656        278        448          8          0       4004   Library Totals

    ----------------------------------------------------------------------

==============================================================================


      Code (inc. data)   RO Data    RW Data    ZI Data      Debug   

     22468       1388        852         64       3200     737455   Grand Totals
     22468       1388        852         64       3200     737455   ELF Image Totals
     22468       1388        852         64          0          0   ROM Totals

==============================================================================

    Total RO  Size (Code + RO Data)                23320 (  22.77kB)
    Total RW  Size (RW Data + ZI Data)              3264 (   3.19kB)
    Total ROM Size (Code + RO Data + RW Data)      23384 (  22.84kB)

==============================================================================

